Archive member included to satisfy reference by file (symbol)

c:/nxp/mcuxpressoide_11.2.0_4120/ide/plugins/com.nxp.mcuxpresso.tools.win32_11.2.0.202001021529/tools/bin/../lib/gcc/arm-none-eabi/9.2.1/../../../../arm-none-eabi/lib/thumb/v6-m/nofp\libcr_nohost_nf.a(_cr__main.o)
                              ./startup/startup_mkl25z4.o (__main)
c:/nxp/mcuxpressoide_11.2.0_4120/ide/plugins/com.nxp.mcuxpresso.tools.win32_11.2.0.202001021529/tools/bin/../lib/gcc/arm-none-eabi/9.2.1/../../../../arm-none-eabi/lib/thumb/v6-m/nofp\libcr_c.a(memcpy.o)
                              ./source/dac.o (memcpy)
c:/nxp/mcuxpressoide_11.2.0_4120/ide/plugins/com.nxp.mcuxpresso.tools.win32_11.2.0.202001021529/tools/bin/../lib/gcc/arm-none-eabi/9.2.1/../../../../arm-none-eabi/lib/thumb/v6-m/nofp\libcr_c.a(memset.o)
                              ./drivers/fsl_dma.o (memset)
c:/nxp/mcuxpressoide_11.2.0_4120/ide/plugins/com.nxp.mcuxpresso.tools.win32_11.2.0.202001021529/tools/bin/../lib/gcc/arm-none-eabi/9.2.1/../../../../arm-none-eabi/lib/thumb/v6-m/nofp\libcr_c.a(initio.o)
                              c:/nxp/mcuxpressoide_11.2.0_4120/ide/plugins/com.nxp.mcuxpresso.tools.win32_11.2.0.202001021529/tools/bin/../lib/gcc/arm-none-eabi/9.2.1/../../../../arm-none-eabi/lib/thumb/v6-m/nofp\libcr_nohost_nf.a(_cr__main.o) (_initio)
c:/nxp/mcuxpressoide_11.2.0_4120/ide/plugins/com.nxp.mcuxpresso.tools.win32_11.2.0.202001021529/tools/bin/../lib/gcc/arm-none-eabi/9.2.1/../../../../arm-none-eabi/lib/thumb/v6-m/nofp\libcr_c.a(setvbuf.o)
                              c:/nxp/mcuxpressoide_11.2.0_4120/ide/plugins/com.nxp.mcuxpresso.tools.win32_11.2.0.202001021529/tools/bin/../lib/gcc/arm-none-eabi/9.2.1/../../../../arm-none-eabi/lib/thumb/v6-m/nofp\libcr_c.a(initio.o) (setvbuf)
c:/nxp/mcuxpressoide_11.2.0_4120/ide/plugins/com.nxp.mcuxpresso.tools.win32_11.2.0.202001021529/tools/bin/../lib/gcc/arm-none-eabi/9.2.1/../../../../arm-none-eabi/lib/thumb/v6-m/nofp\libcr_c.a(sin.o)
                              ./source/test_sinx.o (sin)
c:/nxp/mcuxpressoide_11.2.0_4120/ide/plugins/com.nxp.mcuxpresso.tools.win32_11.2.0.202001021529/tools/bin/../lib/gcc/arm-none-eabi/9.2.1/../../../../arm-none-eabi/lib/thumb/v6-m/nofp\libcr_c.a(strlen.o)
                              ./utilities/fsl_debug_console.o (strlen)
c:/nxp/mcuxpressoide_11.2.0_4120/ide/plugins/com.nxp.mcuxpresso.tools.win32_11.2.0.202001021529/tools/bin/../lib/gcc/arm-none-eabi/9.2.1/../../../../arm-none-eabi/lib/thumb/v6-m/nofp\libcr_c.a(_fdopen.o)
                              c:/nxp/mcuxpressoide_11.2.0_4120/ide/plugins/com.nxp.mcuxpresso.tools.win32_11.2.0.202001021529/tools/bin/../lib/gcc/arm-none-eabi/9.2.1/../../../../arm-none-eabi/lib/thumb/v6-m/nofp\libcr_c.a(initio.o) (_fdopen)
c:/nxp/mcuxpressoide_11.2.0_4120/ide/plugins/com.nxp.mcuxpresso.tools.win32_11.2.0.202001021529/tools/bin/../lib/gcc/arm-none-eabi/9.2.1/../../../../arm-none-eabi/lib/thumb/v6-m/nofp\libcr_c.a(_sincos.o)
                              c:/nxp/mcuxpressoide_11.2.0_4120/ide/plugins/com.nxp.mcuxpresso.tools.win32_11.2.0.202001021529/tools/bin/../lib/gcc/arm-none-eabi/9.2.1/../../../../arm-none-eabi/lib/thumb/v6-m/nofp\libcr_c.a(sin.o) (_sincos)
c:/nxp/mcuxpressoide_11.2.0_4120/ide/plugins/com.nxp.mcuxpresso.tools.win32_11.2.0.202001021529/tools/bin/../lib/gcc/arm-none-eabi/9.2.1/../../../../arm-none-eabi/lib/thumb/v6-m/nofp\libcr_c.a(errno.o)
                              c:/nxp/mcuxpressoide_11.2.0_4120/ide/plugins/com.nxp.mcuxpresso.tools.win32_11.2.0.202001021529/tools/bin/../lib/gcc/arm-none-eabi/9.2.1/../../../../arm-none-eabi/lib/thumb/v6-m/nofp\libcr_c.a(_sincos.o) (errno)
c:/nxp/mcuxpressoide_11.2.0_4120/ide/plugins/com.nxp.mcuxpresso.tools.win32_11.2.0.202001021529/tools/bin/../lib/gcc/arm-none-eabi/9.2.1/../../../../arm-none-eabi/lib/thumb/v6-m/nofp\libcr_c.a(fabs.o)
                              c:/nxp/mcuxpressoide_11.2.0_4120/ide/plugins/com.nxp.mcuxpresso.tools.win32_11.2.0.202001021529/tools/bin/../lib/gcc/arm-none-eabi/9.2.1/../../../../arm-none-eabi/lib/thumb/v6-m/nofp\libcr_c.a(_sincos.o) (fabs)
c:/nxp/mcuxpressoide_11.2.0_4120/ide/plugins/com.nxp.mcuxpresso.tools.win32_11.2.0.202001021529/tools/bin/../lib/gcc/arm-none-eabi/9.2.1/../../../../arm-none-eabi/lib/thumb/v6-m/nofp\libcr_c.a(fclose.o)
                              c:/nxp/mcuxpressoide_11.2.0_4120/ide/plugins/com.nxp.mcuxpresso.tools.win32_11.2.0.202001021529/tools/bin/../lib/gcc/arm-none-eabi/9.2.1/../../../../arm-none-eabi/lib/thumb/v6-m/nofp\libcr_c.a(initio.o) (fclose)
c:/nxp/mcuxpressoide_11.2.0_4120/ide/plugins/com.nxp.mcuxpresso.tools.win32_11.2.0.202001021529/tools/bin/../lib/gcc/arm-none-eabi/9.2.1/../../../../arm-none-eabi/lib/thumb/v6-m/nofp\libcr_c.a(fflush.o)
                              c:/nxp/mcuxpressoide_11.2.0_4120/ide/plugins/com.nxp.mcuxpresso.tools.win32_11.2.0.202001021529/tools/bin/../lib/gcc/arm-none-eabi/9.2.1/../../../../arm-none-eabi/lib/thumb/v6-m/nofp\libcr_c.a(fclose.o) (fflush)
[...]
Memory Configuration

Name             Origin             Length             Attributes
PROGRAM_FLASH    0x00000000         0x00020000         xr
SRAM             0x1ffff000         0x00004000         xrw
*default*        0x00000000         0xffffffff

Linker script and memory map

LOAD ./utilities/fsl_debug_console.o
LOAD ./startup/startup_mkl25z4.o
LOAD ./source/adc.o
LOAD ./source/autocorrelate.o
LOAD ./source/dac.o
LOAD ./source/dma.o
LOAD ./source/main.o
LOAD ./source/mtb.o
LOAD ./source/semihost_hardfault.o
LOAD ./source/sinx.o
LOAD ./source/test_sinx.o
LOAD ./source/tone.o
LOAD ./source/tpm.o
LOAD ./drivers/fsl_adc16.o
LOAD ./drivers/fsl_clock.o
LOAD ./drivers/fsl_cmp.o
LOAD ./drivers/fsl_common.o
LOAD ./drivers/fsl_dac.o
LOAD ./drivers/fsl_dma.o
LOAD ./drivers/fsl_dmamux.o
LOAD ./drivers/fsl_flash.o
LOAD ./drivers/fsl_gpio.o
LOAD ./drivers/fsl_lpsci.o
LOAD ./drivers/fsl_lpsci_dma.o
LOAD ./drivers/fsl_smc.o
LOAD ./drivers/fsl_tpm.o
LOAD ./drivers/fsl_tsi_v4.o
LOAD ./drivers/fsl_uart.o
LOAD ./drivers/fsl_uart_dma.o
LOAD ./board/board.o
LOAD ./board/clock_config.o
LOAD ./board/peripherals.o
LOAD ./board/pin_mux.o
LOAD ./CMSIS/system_MKL25Z4.o
START GROUP
LOAD c:/nxp/mcuxpressoide_11.2.0_4120/ide/plugins/com.nxp.mcuxpresso.tools.win32_11.2.0.202001021529/tools/bin/../lib/gcc/arm-none-eabi/9.2.1/../../../../arm-none-eabi/lib/thumb/v6-m/nofp\libcr_nohost_nf.a
LOAD c:/nxp/mcuxpressoide_11.2.0_4120/ide/plugins/com.nxp.mcuxpresso.tools.win32_11.2.0.202001021529/tools/bin/../lib/gcc/arm-none-eabi/9.2.1/../../../../arm-none-eabi/lib/thumb/v6-m/nofp\libcr_c.a
LOAD c:/nxp/mcuxpressoide_11.2.0_4120/ide/plugins/com.nxp.mcuxpresso.tools.win32_11.2.0.202001021529/tools/bin/../lib/gcc/arm-none-eabi/9.2.1/thumb/v6-m/nofp\libcr_eabihelpers.a
LOAD c:/nxp/mcuxpressoide_11.2.0_4120/ide/plugins/com.nxp.mcuxpresso.tools.win32_11.2.0.202001021529/tools/bin/../lib/gcc/arm-none-eabi/9.2.1/thumb/v6-m/nofp\libgcc.a
END GROUP
                0x00000000                __base_PROGRAM_FLASH = 0x0
                0x00000000                __base_Flash = 0x0
                0x00020000                __top_PROGRAM_FLASH = 0x20000
                0x00020000                __top_Flash = 0x20000
                0x1ffff000                __base_SRAM = 0x1ffff000
                0x1ffff000                __base_RAM = 0x1ffff000
                0x20003000                __top_SRAM = 0x20003000
                0x20003000                __top_RAM = 0x20003000

.text           0x00000000     0x41f8
 FILL mask 0xff
                0x00000000                __vectors_start__ = ABSOLUTE (.)
 *(SORT_BY_ALIGNMENT(.isr_vector))
 .isr_vector    0x00000000       0xc0 ./startup/startup_mkl25z4.o
                0x00000000                g_pfnVectors
                0x00000000                __Vectors
                0x000000c0                . = ALIGN (0x4)
                0x000000c0                __section_table_start = .
                0x000000c0                __data_section_table = .
                0x000000c0        0x4 LONG 0x41f8 LOADADDR (.data)
                0x000000c4        0x4 LONG 0x1ffff080 ADDR (.data)
                0x000000c8        0x4 LONG 0x18 SIZEOF (.data)
                0x000000cc                __data_section_table_end = .
                0x000000cc                __bss_section_table = .
                0x000000cc        0x4 LONG 0x1ffff098 ADDR (.bss)
                0x000000d0        0x4 LONG 0x190c SIZEOF (.bss)
                0x000000d4                __bss_section_table_end = .
                0x000000d4                __section_table_end = .
 *(SORT_BY_ALIGNMENT(.after_vectors*))
 .after_vectors.reset
                0x000000d4       0x4c ./startup/startup_mkl25z4.o
                0x000000d4                ResetISR
 .after_vectors.init_data
                0x00000120       0x12 ./startup/startup_mkl25z4.o
                0x00000120                data_init
 .after_vectors.init_bss
                0x00000132       0x10 ./startup/startup_mkl25z4.o
                0x00000132                bss_init
 .after_vectors
                0x00000142      0x10c ./startup/startup_mkl25z4.o
                0x00000142                NMI_Handler
                0x00000146                SVC_Handler
                0x00000148                PendSV_Handler
                0x0000014a                SysTick_Handler
                0x0000014c                LPTMR0_DriverIRQHandler
                0x0000014c                SPI1_DriverIRQHandler
                0x0000014c                I2C0_DriverIRQHandler
                0x0000014c                Reserved39_DriverIRQHandler
                0x0000014c                PORTD_DriverIRQHandler
                0x0000014c                CMP0_DriverIRQHandler
                0x0000014c                ADC0_DriverIRQHandler
                0x0000014c                TPM2_DriverIRQHandler
                0x0000014c                SPI0_DriverIRQHandler
                0x0000014c                I2C1_DriverIRQHandler
                0x0000014c                TSI0_DriverIRQHandler
                0x0000014c                RTC_Seconds_DriverIRQHandler
                0x0000014c                PIT_DriverIRQHandler
                0x0000014c                RTC_DriverIRQHandler
                0x0000014c                LLWU_DriverIRQHandler
                0x0000014c                MCG_DriverIRQHandler
                0x0000014c                TPM1_DriverIRQHandler
                0x0000014c                PORTA_DriverIRQHandler
                0x0000014c                Reserved45_DriverIRQHandler
                0x0000014c                FTFA_DriverIRQHandler
                0x0000014c                IntDefaultHandler
                0x0000014c                USB0_DriverIRQHandler
                0x0000014c                DAC0_DriverIRQHandler
                0x0000014c                Reserved20_DriverIRQHandler
                0x0000014c                LVD_LVW_DriverIRQHandler
                0x0000014c                TPM0_DriverIRQHandler
                0x00000156                DMA1_IRQHandler
                0x0000015e                DMA2_IRQHandler
                0x00000166                DMA3_IRQHandler
                0x0000016e                Reserved20_IRQHandler
                0x00000176                FTFA_IRQHandler
                0x0000017e                LVD_LVW_IRQHandler
                0x00000186                LLWU_IRQHandler
                0x0000018e                I2C0_IRQHandler
                0x00000196                I2C1_IRQHandler
                0x0000019e                SPI0_IRQHandler
                0x000001a6                SPI1_IRQHandler
                0x000001ae                UART0_IRQHandler
                0x000001b6                UART1_IRQHandler
                0x000001be                UART2_IRQHandler
                0x000001c6                ADC0_IRQHandler
                0x000001ce                CMP0_IRQHandler
                0x000001d6                TPM0_IRQHandler
                0x000001de                TPM1_IRQHandler
                0x000001e6                TPM2_IRQHandler
                0x000001ee                RTC_IRQHandler
                0x000001f6                RTC_Seconds_IRQHandler
                0x000001fe                PIT_IRQHandler
                0x00000206                Reserved39_IRQHandler
                0x0000020e                USB0_IRQHandler
                0x00000216                DAC0_IRQHandler
                0x0000021e                TSI0_IRQHandler
                0x00000226                MCG_IRQHandler
                0x0000022e                LPTMR0_IRQHandler
                0x00000236                Reserved45_IRQHandler
                0x0000023e                PORTA_IRQHandler
                0x00000246                PORTD_IRQHandler
                0x00000400                . = 0x400
 *fill*         0x0000024e      0x1b2 ff
                0x00000400                PROVIDE (__FLASH_CONFIG_START__ = .)
 *(SORT_BY_ALIGNMENT(.FlashConfig))
 .FlashConfig   0x00000400       0x10 ./startup/startup_mkl25z4.o
                0x00000400                Flash_Config
                0x00000410                PROVIDE (__FLASH_CONFIG_END__ = .)
                0x00000001                ASSERT (! ((__FLASH_CONFIG_START__ == __FLASH_CONFIG_END__)), Linker Flash Config Support Enabled, but no .FlashConfig section provided within application)
 *(SORT_BY_ALIGNMENT(.text*))
 .text.DbgConsole_Init
                0x00000410       0xf4 ./utilities/fsl_debug_console.o
                0x00000410                DbgConsole_Init
 .text.DbgConsole_Printf
                0x00000504       0x44 ./utilities/fsl_debug_console.o
                0x00000504                DbgConsole_Printf
 .text.DbgConsole_Putchar
                0x00000548       0x34 ./utilities/fsl_debug_console.o
                0x00000548                DbgConsole_Putchar
 .text.ADC_Init
                0x0000057c       0x4c ./source/adc.o
                0x0000057c                ADC_Init
 .text.ADC_Buffer
                0x000005c8       0x68 ./source/adc.o
                0x000005c8                ADC_Buffer
 .text.analysis
                0x00000630       0xd0 ./source/adc.o
                0x00000630                analysis
 .text.calibrate_ADC
                0x00000700      0x184 ./source/adc.o
                0x00000700                calibrate_ADC
 .text.autocorrelate_detect_period
                0x00000884      0x190 ./source/autocorrelate.o
                0x00000884                autocorrelate_detect_period
 .text.Init_DAC
                0x00000a14       0x78 ./source/dac.o
                0x00000a14                Init_DAC
 .text.DAC_begin
                0x00000a8c       0x94 ./source/dac.o
                0x00000a8c                DAC_begin
 .text.NVIC_EnableIRQ
                0x00000b20       0x2c ./source/dma.o
 .text.NVIC_ClearPendingIRQ
                0x00000b4c       0x30 ./source/dma.o
 .text.NVIC_SetPriority
                0x00000b7c       0xdc ./source/dma.o
 .text.Init_DMA
                0x00000c58       0x70 ./source/dma.o
                0x00000c58                Init_DMA
 .text.DMA0_IRQHandler
                0x00000cc8      0x158 ./source/dma.o
                0x00000cc8                DMA0_IRQHandler
 .text.main     0x00000e20       0xdc ./source/main.o
                0x00000e20                main
 .text.HardFault_Handler
                0x00000efc       0x30 ./source/semihost_hardfault.o
                0x00000efc                HardFault_Handler
 .text.sinx     0x00000f2c       0xfc ./source/sinx.o
                0x00000f2c                sinx
 .text.test_sine
                0x00001028      0x110 ./source/test_sinx.o
                0x00001028                test_sine
 .text.tone_to_samples
                0x00001138      0x10c ./source/tone.o
                0x00001138                tone_to_samples
 .text.generate_next_tone
                0x00001244       0xb4 ./source/tone.o
                0x00001244                generate_next_tone
 .text.TPM0_Init
                0x000012f8       0x5c ./source/tpm.o
                0x000012f8                TPM0_Init
 .text.TPM1_Init
                0x00001354       0x6c ./source/tpm.o
                0x00001354                TPM1_Init
 .text.CLOCK_SetEr32kClock
                0x000013c0       0x34 ./drivers/fsl_clock.o
 .text.CLOCK_SetPllFllSelClock
                0x000013f4       0x38 ./drivers/fsl_clock.o
 .text.CLOCK_GetMcgExtClkFreq
                0x0000142c       0x28 ./drivers/fsl_clock.o
 .text.CLOCK_GetFllExtRefClkFreq
                0x00001454       0xa8 ./drivers/fsl_clock.o
 .text.CLOCK_GetFllRefClkFreq
                0x000014fc       0x2c ./drivers/fsl_clock.o
 .text.CLOCK_GetOscRangeFromFreq
                0x00001528       0x4c ./drivers/fsl_clock.o
 .text.CLOCK_GetPllFllSelClkFreq
                0x00001574       0x4c ./drivers/fsl_clock.o
                0x00001574                CLOCK_GetPllFllSelClkFreq
 .text.CLOCK_SetSimConfig
                0x000015c0       0x38 ./drivers/fsl_clock.o
                0x000015c0                CLOCK_SetSimConfig
 .text.CLOCK_GetFllFreq
                0x000015f8       0x84 ./drivers/fsl_clock.o
                0x000015f8                CLOCK_GetFllFreq
 .text.CLOCK_GetPll0Freq
                0x0000167c       0x70 ./drivers/fsl_clock.o
                0x0000167c                CLOCK_GetPll0Freq
 .text.CLOCK_SetInternalRefClkConfig
                0x000016ec      0x124 ./drivers/fsl_clock.o
                0x000016ec                CLOCK_SetInternalRefClkConfig
 .text.CLOCK_EnablePll0
                0x00001810       0x94 ./drivers/fsl_clock.o
                0x00001810                CLOCK_EnablePll0
 .text.CLOCK_InitOsc0
                0x000018a4       0x94 ./drivers/fsl_clock.o
                0x000018a4                CLOCK_InitOsc0
 .text.CLOCK_SetPbeMode
                0x00001938       0xb0 ./drivers/fsl_clock.o
                0x00001938                CLOCK_SetPbeMode
 .text.CLOCK_BootToPeeMode
                0x000019e8       0x70 ./drivers/fsl_clock.o
                0x000019e8                CLOCK_BootToPeeMode
 .text.__assertion_failed
                0x00001a58       0x1c ./drivers/fsl_common.o
                0x00001a58                __assertion_failed
 .text.DMA_ClearChannelStatusFlags
                0x00001a74       0x54 ./drivers/fsl_dma.o
 .text.DMA_HandleIRQ
                0x00001ac8       0x4c ./drivers/fsl_dma.o
                0x00001ac8                DMA_HandleIRQ
 .text.DMA0_DriverIRQHandler
                0x00001b14       0x18 ./drivers/fsl_dma.o
                0x00001b14                DMA0_DriverIRQHandler
 .text.DMA1_DriverIRQHandler
                0x00001b2c       0x18 ./drivers/fsl_dma.o
                0x00001b2c                DMA1_DriverIRQHandler
 .text.DMA2_DriverIRQHandler
                0x00001b44       0x18 ./drivers/fsl_dma.o
                0x00001b44                DMA2_DriverIRQHandler
 .text.DMA3_DriverIRQHandler
                0x00001b5c       0x18 ./drivers/fsl_dma.o
                0x00001b5c                DMA3_DriverIRQHandler
 .text.CLOCK_EnableClock
                0x00001b74       0x34 ./drivers/fsl_lpsci.o
 .text.LPSCI_GetInstance
                0x00001ba8       0x48 ./drivers/fsl_lpsci.o
                0x00001ba8                LPSCI_GetInstance
 .text.LPSCI_Init
                0x00001bf0      0x258 ./drivers/fsl_lpsci.o
                0x00001bf0                LPSCI_Init
 .text.LPSCI_GetDefaultConfig
                0x00001e48       0x44 ./drivers/fsl_lpsci.o
                0x00001e48                LPSCI_GetDefaultConfig
 .text.LPSCI_ClearStatusFlags
                0x00001e8c       0x94 ./drivers/fsl_lpsci.o
                0x00001e8c                LPSCI_ClearStatusFlags
 .text.LPSCI_WriteBlocking
                0x00001f20       0x4c ./drivers/fsl_lpsci.o
                0x00001f20                LPSCI_WriteBlocking
 .text.LPSCI_ReadBlocking
                0x00001f6c       0xc0 ./drivers/fsl_lpsci.o
                0x00001f6c                LPSCI_ReadBlocking
 .text.UART0_DriverIRQHandler
                0x0000202c       0x24 ./drivers/fsl_lpsci.o
                0x0000202c                UART0_DriverIRQHandler
 .text.CLOCK_EnableClock
                0x00002050       0x34 ./drivers/fsl_uart.o
 .text.UART_GetInstance
                0x00002084       0x54 ./drivers/fsl_uart.o
                0x00002084                UART_GetInstance
 .text.UART_Init
                0x000020d8      0x1e0 ./drivers/fsl_uart.o
                0x000020d8                UART_Init
 .text.UART_GetDefaultConfig
                0x000022b8       0x44 ./drivers/fsl_uart.o
                0x000022b8                UART_GetDefaultConfig
 .text.UART_ReadBlocking
                0x000022fc       0x98 ./drivers/fsl_uart.o
                0x000022fc                UART_ReadBlocking
 .text.UART1_DriverIRQHandler
                0x00002394       0x24 ./drivers/fsl_uart.o
                0x00002394                UART1_DriverIRQHandler
 .text.UART2_DriverIRQHandler
                0x000023b8       0x24 ./drivers/fsl_uart.o
                0x000023b8                UART2_DriverIRQHandler
 .text.CLOCK_SetLpsci0Clock
                0x000023dc       0x38 ./board/board.o
 .text.BOARD_InitDebugConsole
                0x00002414       0x30 ./board/board.o
                0x00002414                BOARD_InitDebugConsole
 .text.CLOCK_SetSimSafeDivs
                0x00002444       0x20 ./board/clock_config.o
 .text.CLOCK_SetXtal0Freq
                0x00002464       0x1c ./board/clock_config.o
 .text.CLOCK_CONFIG_SetFllExtRefDiv
                0x00002480       0x3c ./board/clock_config.o
 .text.BOARD_BootClockRUN
                0x000024bc       0x64 ./board/clock_config.o
                0x000024bc                BOARD_BootClockRUN
 .text.CLOCK_EnableClock
                0x00002520       0x34 ./board/pin_mux.o
 .text.PORT_SetPinMux
                0x00002554       0x40 ./board/pin_mux.o
 .text.BOARD_InitPins
                0x00002594       0x4c ./board/pin_mux.o
                0x00002594                BOARD_InitPins
 .text.SystemInit
                0x000025e0       0x18 ./CMSIS/system_MKL25Z4.o
                0x000025e0                SystemInit
 .text._initio  0x000025f8       0x7c c:/nxp/mcuxpressoide_11.2.0_4120/ide/plugins/com.nxp.mcuxpresso.tools.win32_11.2.0.202001021529/tools/bin/../lib/gcc/arm-none-eabi/9.2.1/../../../../arm-none-eabi/lib/thumb/v6-m/nofp\libcr_c.a(initio.o)
                0x000025f8                _initio
 .text.setvbuf  0x00002674       0x4c c:/nxp/mcuxpressoide_11.2.0_4120/ide/plugins/com.nxp.mcuxpresso.tools.win32_11.2.0.202001021529/tools/bin/../lib/gcc/arm-none-eabi/9.2.1/../../../../arm-none-eabi/lib/thumb/v6-m/nofp\libcr_c.a(setvbuf.o)
                0x00002674                setvbuf
 .text.strlen   0x000026c0       0x58 c:/nxp/mcuxpressoide_11.2.0_4120/ide/plugins/com.nxp.mcuxpresso.tools.win32_11.2.0.202001021529/tools/bin/../lib/gcc/arm-none-eabi/9.2.1/../../../../arm-none-eabi/lib/thumb/v6-m/nofp\libcr_c.a(strlen.o)
                0x000026c0                strlen
 .text._fdopen  0x00002718       0x74 c:/nxp/mcuxpressoide_11.2.0_4120/ide/plugins/com.nxp.mcuxpresso.tools.win32_11.2.0.202001021529/tools/bin/../lib/gcc/arm-none-eabi/9.2.1/../../../../arm-none-eabi/lib/thumb/v6-m/nofp\libcr_c.a(_fdopen.o)
                0x00002718                _fdopen
 .text._sincos  0x0000278c      0x1dc c:/nxp/mcuxpressoide_11.2.0_4120/ide/plugins/com.nxp.mcuxpresso.tools.win32_11.2.0.202001021529/tools/bin/../lib/gcc/arm-none-eabi/9.2.1/../../../../arm-none-eabi/lib/thumb/v6-m/nofp\libcr_c.a(_sincos.o)
                0x0000278c                _sincos
 .text.fclose   0x00002968       0x5c c:/nxp/mcuxpressoide_11.2.0_4120/ide/plugins/com.nxp.mcuxpresso.tools.win32_11.2.0.202001021529/tools/bin/../lib/gcc/arm-none-eabi/9.2.1/../../../../arm-none-eabi/lib/thumb/v6-m/nofp\libcr_c.a(fclose.o)
                0x00002968                fclose
 .text.fflush   0x000029c4       0x44 c:/nxp/mcuxpressoide_11.2.0_4120/ide/plugins/com.nxp.mcuxpresso.tools.win32_11.2.0.202001021529/tools/bin/../lib/gcc/arm-none-eabi/9.2.1/../../../../arm-none-eabi/lib/thumb/v6-m/nofp\libcr_c.a(fflush.o)
                0x000029c4                fflush
 .text.fseek    0x00002a08       0xf4 c:/nxp/mcuxpressoide_11.2.0_4120/ide/plugins/com.nxp.mcuxpresso.tools.win32_11.2.0.202001021529/tools/bin/../lib/gcc/arm-none-eabi/9.2.1/../../../../arm-none-eabi/lib/thumb/v6-m/nofp\libcr_c.a(fseek.o)
                0x00002a08                fseek
 .text.ftell    0x00002afc       0x48 c:/nxp/mcuxpressoide_11.2.0_4120/ide/plugins/com.nxp.mcuxpresso.tools.win32_11.2.0.202001021529/tools/bin/../lib/gcc/arm-none-eabi/9.2.1/../../../../arm-none-eabi/lib/thumb/v6-m/nofp\libcr_c.a(ftell.o)
                0x00002afc                ftell
 .text._do_fflush
                0x00002b44       0x48 c:/nxp/mcuxpressoide_11.2.0_4120/ide/plugins/com.nxp.mcuxpresso.tools.win32_11.2.0.202001021529/tools/bin/../lib/gcc/arm-none-eabi/9.2.1/../../../../arm-none-eabi/lib/thumb/v6-m/nofp\libcr_c.a(_do_fflush.o)
                0x00002b44                _do_fflush
 .text._fflush  0x00002b8c       0x60 c:/nxp/mcuxpressoide_11.2.0_4120/ide/plugins/com.nxp.mcuxpresso.tools.win32_11.2.0.202001021529/tools/bin/../lib/gcc/arm-none-eabi/9.2.1/../../../../arm-none-eabi/lib/thumb/v6-m/nofp\libcr_c.a(_fflush.o)
                0x00002b8c                _fflush
 .text._Cwritebuf
                0x00002bec       0x68 c:/nxp/mcuxpressoide_11.2.0_4120/ide/plugins/com.nxp.mcuxpresso.tools.win32_11.2.0.202001021529/tools/bin/../lib/gcc/arm-none-eabi/9.2.1/../../../../arm-none-eabi/lib/thumb/v6-m/nofp\libcr_c.a(_writebuf.o)
                0x00002bec                _Cwritebuf
 .text._deferredlazyseek
                0x00002c54       0x40 c:/nxp/mcuxpressoide_11.2.0_4120/ide/plugins/com.nxp.mcuxpresso.tools.win32_11.2.0.202001021529/tools/bin/../lib/gcc/arm-none-eabi/9.2.1/../../../../arm-none-eabi/lib/thumb/v6-m/nofp\libcr_c.a(_deferredlazyseek.o)
                0x00002c54                _deferredlazyseek
 .text.__aeabi_dmul
                0x00002c94      0x184 c:/nxp/mcuxpressoide_11.2.0_4120/ide/plugins/com.nxp.mcuxpresso.tools.win32_11.2.0.202001021529/tools/bin/../lib/gcc/arm-none-eabi/9.2.1/thumb/v6-m/nofp\libcr_eabihelpers.a(double.o)
                0x00002c94                __aeabi_dmul
 .text.__aeabi_ddiv
                0x00002e18      0x150 c:/nxp/mcuxpressoide_11.2.0_4120/ide/plugins/com.nxp.mcuxpresso.tools.win32_11.2.0.202001021529/tools/bin/../lib/gcc/arm-none-eabi/9.2.1/thumb/v6-m/nofp\libcr_eabihelpers.a(double.o)
                0x00002e18                __aeabi_ddiv
 .text.__aeabi_dsub
                0x00002f68      0x1e4 c:/nxp/mcuxpressoide_11.2.0_4120/ide/plugins/com.nxp.mcuxpresso.tools.win32_11.2.0.202001021529/tools/bin/../lib/gcc/arm-none-eabi/9.2.1/thumb/v6-m/nofp\libcr_eabihelpers.a(double.o)
                0x00002f68                __aeabi_dsub
 .text.__aeabi_dadd
                0x0000314c      0x134 c:/nxp/mcuxpressoide_11.2.0_4120/ide/plugins/com.nxp.mcuxpresso.tools.win32_11.2.0.202001021529/tools/bin/../lib/gcc/arm-none-eabi/9.2.1/thumb/v6-m/nofp\libcr_eabihelpers.a(double.o)
                0x0000314c                __aeabi_dadd
 .text.__aeabi_d2iz
                0x00003280       0x50 c:/nxp/mcuxpressoide_11.2.0_4120/ide/plugins/com.nxp.mcuxpresso.tools.win32_11.2.0.202001021529/tools/bin/../lib/gcc/arm-none-eabi/9.2.1/thumb/v6-m/nofp\libcr_eabihelpers.a(double.o)
                0x00003280                __aeabi_d2iz
 .text.__aeabi_d2uiz
                0x000032d0       0x38 c:/nxp/mcuxpressoide_11.2.0_4120/ide/plugins/com.nxp.mcuxpresso.tools.win32_11.2.0.202001021529/tools/bin/../lib/gcc/arm-none-eabi/9.2.1/thumb/v6-m/nofp\libcr_eabihelpers.a(double.o)
                0x000032d0                __aeabi_d2uiz
 .text.__aeabi_dcmplt
                0x00003308       0x60 c:/nxp/mcuxpressoide_11.2.0_4120/ide/plugins/com.nxp.mcuxpresso.tools.win32_11.2.0.202001021529/tools/bin/../lib/gcc/arm-none-eabi/9.2.1/thumb/v6-m/nofp\libcr_eabihelpers.a(double.o)
                0x00003308                __aeabi_dcmplt
 .text.__aeabi_dcmpgt
                0x00003368       0x5c c:/nxp/mcuxpressoide_11.2.0_4120/ide/plugins/com.nxp.mcuxpresso.tools.win32_11.2.0.202001021529/tools/bin/../lib/gcc/arm-none-eabi/9.2.1/thumb/v6-m/nofp\libcr_eabihelpers.a(double.o)
                0x00003368                __aeabi_dcmpgt
 .text.__aeabi_dcmpge
                0x000033c4       0x64 c:/nxp/mcuxpressoide_11.2.0_4120/ide/plugins/com.nxp.mcuxpresso.tools.win32_11.2.0.202001021529/tools/bin/../lib/gcc/arm-none-eabi/9.2.1/thumb/v6-m/nofp\libcr_eabihelpers.a(double.o)
                0x000033c4                __aeabi_dcmpge
 .text.UART_EnableTx
                0x00003428       0x40 ./utilities/fsl_debug_console.o
 .text.UART_EnableRx
                0x00003468       0x40 ./utilities/fsl_debug_console.o
 .text.LPSCI_EnableTx
                0x000034a8       0x40 ./utilities/fsl_debug_console.o
 .text.LPSCI_EnableRx
                0x000034e8       0x40 ./utilities/fsl_debug_console.o
 .text.DbgConsole_PrintfPaddingCharacter
                0x00003528       0x48 ./utilities/fsl_debug_console.o
 .text.DbgConsole_ConvertRadixNumToString
                0x00003570      0x114 ./utilities/fsl_debug_console.o
 .text.DbgConsole_PrintfFormattedData
                0x00003684      0x33a ./utilities/fsl_debug_console.o
 .text.interpolate
                0x000039be       0x48 ./source/sinx.o
                0x000039be                interpolate
 .text.OSC_SetExtRefClkConfig
                0x00003a06       0x3e ./drivers/fsl_clock.o
 .text.OSC_SetCapLoad
                0x00003a44       0x42 ./drivers/fsl_clock.o
 .text.CLOCK_GetPll0RefFreq
                0x00003a86       0x10 ./drivers/fsl_clock.o
 .text.CLOCK_SetExternalRefClkConfig
                0x00003a96       0x16 ./drivers/fsl_clock.o
                0x00003a96                CLOCK_SetExternalRefClkConfig
 .text.LPSCI_GetStatusFlags
                0x00003aac       0x26 ./drivers/fsl_lpsci.o
                0x00003aac                LPSCI_GetStatusFlags
 .text.UART_GetStatusFlags
                0x00003ad2       0x26 ./drivers/fsl_uart.o
                0x00003ad2                UART_GetStatusFlags
 .text.UART_WriteBlocking
                0x00003af8       0x3c ./drivers/fsl_uart.o
                0x00003af8                UART_WriteBlocking
 .text.BOARD_InitBootClocks
                0x00003b34        0xe ./board/clock_config.o
                0x00003b34                BOARD_InitBootClocks
 .text.BOARD_InitBootPeripherals
                0x00003b42        0xa ./board/peripherals.o
                0x00003b42                BOARD_InitBootPeripherals
 .text.BOARD_InitBootPins
                0x00003b4c        0xe ./board/pin_mux.o
                0x00003b4c                BOARD_InitBootPins
 .text.__main   0x00003b5a        0xc c:/nxp/mcuxpressoide_11.2.0_4120/ide/plugins/com.nxp.mcuxpresso.tools.win32_11.2.0.202001021529/tools/bin/../lib/gcc/arm-none-eabi/9.2.1/../../../../arm-none-eabi/lib/thumb/v6-m/nofp\libcr_nohost_nf.a(_cr__main.o)
                0x00003b5a                __main
 .text.memcpy   0x00003b66        0x8 c:/nxp/mcuxpressoide_11.2.0_4120/ide/plugins/com.nxp.mcuxpresso.tools.win32_11.2.0.202001021529/tools/bin/../lib/gcc/arm-none-eabi/9.2.1/../../../../arm-none-eabi/lib/thumb/v6-m/nofp\libcr_c.a(memcpy.o)
                0x00003b66                memcpy
 .text.memset   0x00003b6e        0x8 c:/nxp/mcuxpressoide_11.2.0_4120/ide/plugins/com.nxp.mcuxpresso.tools.win32_11.2.0.202001021529/tools/bin/../lib/gcc/arm-none-eabi/9.2.1/../../../../arm-none-eabi/lib/thumb/v6-m/nofp\libcr_c.a(memset.o)
                0x00003b6e                memset
 .text.sin      0x00003b76       0x36 c:/nxp/mcuxpressoide_11.2.0_4120/ide/plugins/com.nxp.mcuxpresso.tools.win32_11.2.0.202001021529/tools/bin/../lib/gcc/arm-none-eabi/9.2.1/../../../../arm-none-eabi/lib/thumb/v6-m/nofp\libcr_c.a(sin.o)
                0x00003b76                sin
 .text.fabs     0x00003bac       0x22 c:/nxp/mcuxpressoide_11.2.0_4120/ide/plugins/com.nxp.mcuxpresso.tools.win32_11.2.0.202001021529/tools/bin/../lib/gcc/arm-none-eabi/9.2.1/../../../../arm-none-eabi/lib/thumb/v6-m/nofp\libcr_c.a(fabs.o)
                0x00003bac                fabs
 .text.remove   0x00003bce       0x12 c:/nxp/mcuxpressoide_11.2.0_4120/ide/plugins/com.nxp.mcuxpresso.tools.win32_11.2.0.202001021529/tools/bin/../lib/gcc/arm-none-eabi/9.2.1/../../../../arm-none-eabi/lib/thumb/v6-m/nofp\libcr_c.a(remove.o)
                0x00003bce                remove
 .text.free     0x00003be0       0x2c c:/nxp/mcuxpressoide_11.2.0_4120/ide/plugins/com.nxp.mcuxpresso.tools.win32_11.2.0.202001021529/tools/bin/../lib/gcc/arm-none-eabi/9.2.1/../../../../arm-none-eabi/lib/thumb/v6-m/nofp\libcr_c.a(alloc.o)
                0x00003be0                free
 .text.__aeabi_division_idivmod
                0x00003c0c       0x78 c:/nxp/mcuxpressoide_11.2.0_4120/ide/plugins/com.nxp.mcuxpresso.tools.win32_11.2.0.202001021529/tools/bin/../lib/gcc/arm-none-eabi/9.2.1/thumb/v6-m/nofp\libcr_eabihelpers.a(division_32.o)
                0x00003c0c                __aeabi_idivmod
                0x00003c0c                __aeabi_idiv
                0x00003c12                __aeabi_uidivmod
                0x00003c12                __aeabi_uidiv
 .text.__aeabi_division_idiv0
                0x00003c84        0x2 c:/nxp/mcuxpressoide_11.2.0_4120/ide/plugins/com.nxp.mcuxpresso.tools.win32_11.2.0.202001021529/tools/bin/../lib/gcc/arm-none-eabi/9.2.1/thumb/v6-m/nofp\libcr_eabihelpers.a(division_idiv0.o)
                0x00003c84                __aeabi_idiv0
 .text.__bhs_ui2d
                0x00003c86       0x5e c:/nxp/mcuxpressoide_11.2.0_4120/ide/plugins/com.nxp.mcuxpresso.tools.win32_11.2.0.202001021529/tools/bin/../lib/gcc/arm-none-eabi/9.2.1/thumb/v6-m/nofp\libcr_eabihelpers.a(double.o)
                0x00003c86                __bhs_ui2d
 .text.__aeabi_i2d
                0x00003ce4       0x18 c:/nxp/mcuxpressoide_11.2.0_4120/ide/plugins/com.nxp.mcuxpresso.tools.win32_11.2.0.202001021529/tools/bin/../lib/gcc/arm-none-eabi/9.2.1/thumb/v6-m/nofp\libcr_eabihelpers.a(double.o)
                0x00003ce4                __aeabi_i2d
 .text.__aeabi_llong_lmul
                0x00003cfc       0x2e c:/nxp/mcuxpressoide_11.2.0_4120/ide/plugins/com.nxp.mcuxpresso.tools.win32_11.2.0.202001021529/tools/bin/../lib/gcc/arm-none-eabi/9.2.1/thumb/v6-m/nofp\libcr_eabihelpers.a(llong.o)
                0x00003cfc                __aeabi_lmul
 .text.__aeabi_memcpy
                0x00003d2a       0x2c c:/nxp/mcuxpressoide_11.2.0_4120/ide/plugins/com.nxp.mcuxpresso.tools.win32_11.2.0.202001021529/tools/bin/../lib/gcc/arm-none-eabi/9.2.1/thumb/v6-m/nofp\libcr_eabihelpers.a(memcpy.o)
                0x00003d2a                __aeabi_memcpy4
                0x00003d2a                __aeabi_memcpy8
                0x00003d2a                __aeabi_memcpy
 .text.__aeabi_memset_lowlevel
                0x00003d56       0x2a c:/nxp/mcuxpressoide_11.2.0_4120/ide/plugins/com.nxp.mcuxpresso.tools.win32_11.2.0.202001021529/tools/bin/../lib/gcc/arm-none-eabi/9.2.1/thumb/v6-m/nofp\libcr_eabihelpers.a(memcpy.o)
                0x00003d56                __aeabi_lowlevel_memset
 .text.__sys_close
                0x00003d80        0x6 c:/nxp/mcuxpressoide_11.2.0_4120/ide/plugins/com.nxp.mcuxpresso.tools.win32_11.2.0.202001021529/tools/bin/../lib/gcc/arm-none-eabi/9.2.1/../../../../arm-none-eabi/lib/thumb/v6-m/nofp\libcr_nohost_nf.a(__sys_close.o)
                0x00003d80                __sys_close
 .text.__sys_flen
                0x00003d86        0x6 c:/nxp/mcuxpressoide_11.2.0_4120/ide/plugins/com.nxp.mcuxpresso.tools.win32_11.2.0.202001021529/tools/bin/../lib/gcc/arm-none-eabi/9.2.1/../../../../arm-none-eabi/lib/thumb/v6-m/nofp\libcr_nohost_nf.a(__sys_flen.o)
                0x00003d86                __sys_flen
 .text.__sys_istty
                0x00003d8c        0x6 c:/nxp/mcuxpressoide_11.2.0_4120/ide/plugins/com.nxp.mcuxpresso.tools.win32_11.2.0.202001021529/tools/bin/../lib/gcc/arm-none-eabi/9.2.1/../../../../arm-none-eabi/lib/thumb/v6-m/nofp\libcr_nohost_nf.a(__sys_istty.o)
                0x00003d8c                __sys_istty
 .text.__sys_remove
                0x00003d92        0x6 c:/nxp/mcuxpressoide_11.2.0_4120/ide/plugins/com.nxp.mcuxpresso.tools.win32_11.2.0.202001021529/tools/bin/../lib/gcc/arm-none-eabi/9.2.1/../../../../arm-none-eabi/lib/thumb/v6-m/nofp\libcr_nohost_nf.a(__sys_remove.o)
                0x00003d92                __sys_remove
 .text.__sys_seek
                0x00003d98        0x6 c:/nxp/mcuxpressoide_11.2.0_4120/ide/plugins/com.nxp.mcuxpresso.tools.win32_11.2.0.202001021529/tools/bin/../lib/gcc/arm-none-eabi/9.2.1/../../../../arm-none-eabi/lib/thumb/v6-m/nofp\libcr_nohost_nf.a(__sys_seek.o)
                0x00003d98                __sys_seek
 .text.__sys_tmpnam
                0x00003d9e        0x6 c:/nxp/mcuxpressoide_11.2.0_4120/ide/plugins/com.nxp.mcuxpresso.tools.win32_11.2.0.202001021529/tools/bin/../lib/gcc/arm-none-eabi/9.2.1/../../../../arm-none-eabi/lib/thumb/v6-m/nofp\libcr_nohost_nf.a(__sys_tmpnam.o)
                0x00003d9e                __sys_tmpnam
 .text.__sys_write
                0x00003da4        0x4 c:/nxp/mcuxpressoide_11.2.0_4120/ide/plugins/com.nxp.mcuxpresso.tools.win32_11.2.0.202001021529/tools/bin/../lib/gcc/arm-none-eabi/9.2.1/../../../../arm-none-eabi/lib/thumb/v6-m/nofp\libcr_nohost_nf.a(__sys_write.o)
                0x00003da4                __sys_write
 *(SORT_BY_ALIGNMENT(.rodata) SORT_BY_ALIGNMENT(.rodata.*) SORT_BY_ALIGNMENT(.constdata) SORT_BY_ALIGNMENT(.constdata.*))
 .rodata.analysis.str1.4
                0x00003da8       0x32 ./source/adc.o
 *fill*         0x00003dda        0x2 ff
 .rodata.calibrate_ADC.str1.4
                0x00003ddc       0x3b ./source/adc.o
 *fill*         0x00003e17        0x1 ff
 .rodata.main.str1.4
                0x00003e18       0x63 ./source/main.o
 *fill*         0x00003e7b        0x1 ff
 .rodata.sin_lookup
                0x00003e7c       0x42 ./source/sinx.o
 *fill*         0x00003ebe        0x2 ff
 .rodata.sinx.str1.4
                0x00003ec0       0x29 ./source/sinx.o
 *fill*         0x00003ee9        0x3 ff
 .rodata.test_sine.str1.4
                0x00003eec       0x16 ./source/test_sinx.o
 *fill*         0x00003f02        0x2 ff
 .rodata.tone_to_samples.str1.4
                0x00003f04       0x41 ./source/tone.o
 .rodata.generate_next_tone.str1.4
                0x00003f45       0x13 ./source/tone.o
 *fill*         0x00003f45        0x3 ff
 .rodata.CLOCK_GetMcgExtClkFreq.str1.4
                0x00003f48       0x1f ./drivers/fsl_clock.o
 *fill*         0x00003f67        0x1 ff
 .rodata.CLOCK_GetPll0Freq.str1.4
                0x00003f68       0x1e ./drivers/fsl_clock.o
 *fill*         0x00003f86        0x2 ff
 .rodata.CLOCK_EnablePll0.str1.4
                0x00003f88       0x1a ./drivers/fsl_clock.o
 *fill*         0x00003fa2        0x2 ff
 .rodata.CLOCK_SetPbeMode.str1.4
                0x00003fa4       0x1b ./drivers/fsl_clock.o
 *fill*         0x00003fbf        0x1 ff
 .rodata.CLOCK_BootToPeeMode.str1.4
                0x00003fc0       0x1b ./drivers/fsl_clock.o
 *fill*         0x00003fdb        0x1 ff
 .rodata.fllFactorTable.5210
                0x00003fdc       0x10 ./drivers/fsl_clock.o
 .rodata.__assertion_failed.str1.4
                0x00003fec        0x4 ./drivers/fsl_common.o
 .rodata.DMA_ClearChannelStatusFlags.str1.4
                0x00003ff0       0x3d ./drivers/fsl_dma.o
 *fill*         0x0000402d        0x3 ff
 .rodata.DMA_HandleIRQ.str1.4
                0x00004030       0x20 ./drivers/fsl_dma.o
 .rodata.LPSCI_GetInstance.str1.4
                0x00004050       0x37 ./drivers/fsl_lpsci.o
 *fill*         0x00004087        0x1 ff
 .rodata.LPSCI_Init.str1.4
                0x00004088       0x44 ./drivers/fsl_lpsci.o
 .rodata.LPSCI_GetDefaultConfig.str1.4
                0x000040cc       0x1a ./drivers/fsl_lpsci.o
 *fill*         0x000040e6        0x2 ff
 .rodata.LPSCI_WriteBlocking.str1.4
                0x000040e8       0x18 ./drivers/fsl_lpsci.o
 .rodata.LPSCI_ReadBlocking.str1.4
                0x00004100       0x18 ./drivers/fsl_lpsci.o
 .rodata.s_uartBases
                0x00004118        0xc ./drivers/fsl_uart.o
 .rodata.s_uartClock
                0x00004124        0xc ./drivers/fsl_uart.o
 .rodata.UART_GetInstance.str1.4
                0x00004130       0x2c ./drivers/fsl_uart.o
 .rodata.UART_Init.str1.4
                0x0000415c       0x43 ./drivers/fsl_uart.o
 *fill*         0x0000419f        0x1 ff
 .rodata.UART_GetDefaultConfig.str1.4
                0x000041a0       0x19 ./drivers/fsl_uart.o
 *fill*         0x000041b9        0x3 ff
 .rodata.UART_ReadBlocking.str1.4
                0x000041bc       0x17 ./drivers/fsl_uart.o
 *fill*         0x000041d3        0x1 ff
 .rodata.mcgConfig_BOARD_BootClockRUN
                0x000041d4        0xa ./board/clock_config.o
                0x000041d4                mcgConfig_BOARD_BootClockRUN
 *fill*         0x000041de        0x2 ff
 .rodata.simConfig_BOARD_BootClockRUN
                0x000041e0        0x8 ./board/clock_config.o
                0x000041e0                simConfig_BOARD_BootClockRUN
 .rodata.oscConfig_BOARD_BootClockRUN
                0x000041e8        0x8 ./board/clock_config.o
                0x000041e8                oscConfig_BOARD_BootClockRUN
 .rodata.__num_Ciob_streams
                0x000041f0        0x4 c:/nxp/mcuxpressoide_11.2.0_4120/ide/plugins/com.nxp.mcuxpresso.tools.win32_11.2.0.202001021529/tools/bin/../lib/gcc/arm-none-eabi/9.2.1/../../../../arm-none-eabi/lib/thumb/v6-m/nofp\libcr_nohost_nf.a(__ciob.o)
                0x000041f0                __num_Ciob_streams
 .rodata._initio.str1.1
                0x000041f4        0x4 c:/nxp/mcuxpressoide_11.2.0_4120/ide/plugins/com.nxp.mcuxpresso.tools.win32_11.2.0.202001021529/tools/bin/../lib/gcc/arm-none-eabi/9.2.1/../../../../arm-none-eabi/lib/thumb/v6-m/nofp\libcr_c.a(initio.o)
                0x000041f8                . = ALIGN (0x4)

.glue_7         0x000041f8        0x0
 .glue_7        0x000041f8        0x0 linker stubs

.glue_7t        0x000041f8        0x0
 .glue_7t       0x000041f8        0x0 linker stubs

.vfp11_veneer   0x000041f8        0x0
 .vfp11_veneer  0x000041f8        0x0 linker stubs

.v4_bx          0x000041f8        0x0
 .v4_bx         0x000041f8        0x0 linker stubs

.iplt           0x000041f8        0x0
 .iplt          0x000041f8        0x0 ./utilities/fsl_debug_console.o

.rel.dyn        0x000041f8        0x0
 .rel.iplt      0x000041f8        0x0 ./utilities/fsl_debug_console.o

.ARM.extab
 *(SORT_BY_ALIGNMENT(.ARM.extab*) SORT_BY_ALIGNMENT(.gnu.linkonce.armextab.*))

.ARM.exidx      0x000041f8        0x0
                0x000041f8                __exidx_start = .
 *(SORT_BY_ALIGNMENT(.ARM.exidx*) SORT_BY_ALIGNMENT(.gnu.linkonce.armexidx.*))
                0x000041f8                __exidx_end = .
                0x000041f8                _etext = .

.m_usb_data
 *(SORT_BY_ALIGNMENT(m_usb_bdt))

.mtb_buffer_default
                0x1ffff000       0x80
 *(SORT_BY_ALIGNMENT(.mtb*))
 .mtb.$RAM1     0x1ffff000       0x80 ./source/mtb.o
                0x1ffff000                __mtb_buffer__

.uninit_RESERVED
                0x1ffff080        0x0
                0x1ffff080                _start_uninit_RESERVED = .
 *(SORT_BY_ALIGNMENT(.bss.$RESERVED*))
                0x1ffff080                . = ALIGN (0x4)
                0x1ffff080                _end_uninit_RESERVED = .

.data           0x1ffff080       0x18 load address 0x000041f8
 FILL mask 0xff
                0x1ffff080                _data = .
                [!provide]                PROVIDE (__start_data_RAM = .)
                [!provide]                PROVIDE (__start_data_SRAM = .)
 *(SORT_BY_ALIGNMENT(vtable))
 *(SORT_BY_ALIGNMENT(.ramfunc*))
 *(SORT_BY_ALIGNMENT(CodeQuickAccess))
 *(SORT_BY_ALIGNMENT(DataQuickAccess))
 *(SORT_BY_ALIGNMENT(RamFunction))
 *(SORT_BY_ALIGNMENT(.data*))
 .data.frequencies
                0x1ffff080       0x10 ./source/tone.o
                0x1ffff080                frequencies
 .data.s_slowIrcFreq
                0x1ffff090        0x4 ./drivers/fsl_clock.o
 .data.SystemCoreClock
                0x1ffff094        0x4 ./CMSIS/system_MKL25Z4.o
                0x1ffff094                SystemCoreClock
                0x1ffff098                . = ALIGN (0x4)
                0x1ffff098                _edata = .
                [!provide]                PROVIDE (__end_data_RAM = .)
                [!provide]                PROVIDE (__end_data_SRAM = .)

.igot.plt       0x1ffff098        0x0 load address 0x00004210
 .igot.plt      0x1ffff098        0x0 ./utilities/fsl_debug_console.o

.bss            0x1ffff098     0x190c
                0x1ffff098                _bss = .
                [!provide]                PROVIDE (__start_bss_RAM = .)
                [!provide]                PROVIDE (__start_bss_SRAM = .)
 *(SORT_BY_ALIGNMENT(.bss*))
 .bss.s_debugConsole
                0x1ffff098       0x10 ./utilities/fsl_debug_console.o
 .bss.buffer    0x1ffff0a8      0x800 ./source/dac.o
                0x1ffff0a8                buffer
 .bss.count     0x1ffff8a8        0x4 ./source/dac.o
                0x1ffff8a8                count
 .bss.dma_rollover
                0x1ffff8ac        0x4 ./source/dma.o
                0x1ffff8ac                dma_rollover
 .bss.tone_index
                0x1ffff8b0        0x4 ./source/dma.o
                0x1ffff8b0                tone_index
 .bss.next_tone
                0x1ffff8b4        0x4 ./source/main.o
                0x1ffff8b4                next_tone
 .bss.samples   0x1ffff8b8        0x4 ./source/tone.o
                0x1ffff8b8                samples
 .bss.op_buffer
                0x1ffff8bc      0x800 ./source/tone.o
                0x1ffff8bc                op_buffer
 .bss.ip_buffer
                0x200000bc      0x800 ./source/tone.o
                0x200000bc                ip_buffer
 .bss.g_xtal0Freq
                0x200008bc        0x4 ./drivers/fsl_clock.o
                0x200008bc                g_xtal0Freq
 .bss.s_DMAHandle
                0x200008c0       0x10 ./drivers/fsl_dma.o
 .bss.s_lpsciHandle
                0x200008d0        0x4 ./drivers/fsl_lpsci.o
 .bss.s_lpsciIsr
                0x200008d4        0x4 ./drivers/fsl_lpsci.o
 .bss.s_uartHandle
                0x200008d8        0xc ./drivers/fsl_uart.o
 .bss.s_uartIsr
                0x200008e4        0x4 ./drivers/fsl_uart.o
 .bss.errno     0x200008e8        0x4 c:/nxp/mcuxpressoide_11.2.0_4120/ide/plugins/com.nxp.mcuxpresso.tools.win32_11.2.0.202001021529/tools/bin/../lib/gcc/arm-none-eabi/9.2.1/../../../../arm-none-eabi/lib/thumb/v6-m/nofp\libcr_c.a(errno.o)
                0x200008e8                errno
 .bss.__Ciob    0x200008ec       0xb4 c:/nxp/mcuxpressoide_11.2.0_4120/ide/plugins/com.nxp.mcuxpresso.tools.win32_11.2.0.202001021529/tools/bin/../lib/gcc/arm-none-eabi/9.2.1/../../../../arm-none-eabi/lib/thumb/v6-m/nofp\libcr_nohost_nf.a(__ciob.o)
                0x200008ec                __Ciob
 .bss.flag      0x200009a0        0x1 ./source/dma.o
                0x200009a0                flag
 *(SORT_BY_ALIGNMENT(COMMON))
                0x200009a4                . = ALIGN (0x4)
 *fill*         0x200009a1        0x3 
                0x200009a4                _ebss = .
                [!provide]                PROVIDE (__end_bss_RAM = .)
                [!provide]                PROVIDE (__end_bss_SRAM = .)
                [!provide]                PROVIDE (end = .)

.noinit         0x200009a4        0x0
                0x200009a4                _noinit = .
                [!provide]                PROVIDE (__start_noinit_RAM = .)
                [!provide]                PROVIDE (__start_noinit_SRAM = .)
 *(SORT_BY_ALIGNMENT(.noinit*))
                0x200009a4                . = ALIGN (0x4)
                0x200009a4                _end_noinit = .
                [!provide]                PROVIDE (__end_noinit_RAM = .)
                [!provide]                PROVIDE (__end_noinit_SRAM = .)
                0x00000400                _HeapSize = 0x400

.heap           0x200009a4      0x400
                0x200009a4                _pvHeapStart = .
                0x20000da4                . = (. + _HeapSize)
 *fill*         0x200009a4      0x400 
                0x20000da4                . = ALIGN (0x4)
                0x20000da4                _pvHeapLimit = .
                0x00000400                _StackSize = 0x400

.heap2stackfill
                0x20000da4      0x400
                0x200011a4                . = (. + _StackSize)
 *fill*         0x20000da4      0x400 

.stack          0x20002c00        0x0
                0x20002c00                _vStackBase = .
                0x20002c00                . = ALIGN (0x4)
                0x20003000                _vStackTop = (. + _StackSize)
                0x00000000                _image_start = LOADADDR (.text)
                0x00004210                _image_end = (LOADADDR (.data) + SIZEOF (.data))
                0x00004210                _image_size = (_image_end - _image_start)
OUTPUT(Getting In Tune.axf elf32-littlearm)

.debug_info     0x00000000     0xba04
 .debug_info    0x00000000      0xe72 ./utilities/fsl_debug_console.o
 .debug_info    0x00000e72      0x4df ./startup/startup_mkl25z4.o
 .debug_info    0x00001351      0x7d7 ./source/adc.o
 .debug_info    0x00001b28      0x1ce ./source/autocorrelate.o
 .debug_info    0x00001cf6      0x7bc ./source/dac.o
 .debug_info    0x000024b2      0xb86 ./source/dma.o
 .debug_info    0x00003038      0x726 ./source/main.o
 .debug_info    0x0000375e       0x53 ./source/mtb.o
 .debug_info    0x000037b1       0x3c ./source/semihost_hardfault.o
 .debug_info    0x000037ed      0x2e6 ./source/sinx.o
 .debug_info    0x00003ad3      0x25b ./source/test_sinx.o
 .debug_info    0x00003d2e      0x4fa ./source/tone.o
 .debug_info    0x00004228      0x52e ./source/tpm.o
 .debug_info    0x00004756     0x1a97 ./drivers/fsl_clock.o
 .debug_info    0x000061ed      0x444 ./drivers/fsl_common.o
 .debug_info    0x00006631      0xf4e ./drivers/fsl_dma.o
 .debug_info    0x0000757f     0x1469 ./drivers/fsl_lpsci.o
 .debug_info    0x000089e8     0x140a ./drivers/fsl_uart.o
 .debug_info    0x00009df2      0x6fa ./board/board.o
 .debug_info    0x0000a4ec      0xb00 ./board/clock_config.o
 .debug_info    0x0000afec       0x3c ./board/peripherals.o
 .debug_info    0x0000b028      0x5a3 ./board/pin_mux.o
 .debug_info    0x0000b5cb      0x439 ./CMSIS/system_MKL25Z4.o

.debug_abbrev   0x00000000     0x27c8
 .debug_abbrev  0x00000000      0x2d7 ./utilities/fsl_debug_console.o
 .debug_abbrev  0x000002d7      0x18d ./startup/startup_mkl25z4.o
 .debug_abbrev  0x00000464      0x1db ./source/adc.o
 .debug_abbrev  0x0000063f       0xf4 ./source/autocorrelate.o
 .debug_abbrev  0x00000733      0x1bd ./source/dac.o
 .debug_abbrev  0x000008f0      0x234 ./source/dma.o
 .debug_abbrev  0x00000b24      0x15b ./source/main.o
 .debug_abbrev  0x00000c7f       0x46 ./source/mtb.o
 .debug_abbrev  0x00000cc5       0x31 ./source/semihost_hardfault.o
 .debug_abbrev  0x00000cf6      0x130 ./source/sinx.o
 .debug_abbrev  0x00000e26       0xe5 ./source/test_sinx.o
 .debug_abbrev  0x00000f0b      0x173 ./source/tone.o
 .debug_abbrev  0x0000107e      0x167 ./source/tpm.o
 .debug_abbrev  0x000011e5      0x36f ./drivers/fsl_clock.o
 .debug_abbrev  0x00001554      0x275 ./drivers/fsl_common.o
 .debug_abbrev  0x000017c9      0x2ec ./drivers/fsl_dma.o
 .debug_abbrev  0x00001ab5      0x309 ./drivers/fsl_lpsci.o
 .debug_abbrev  0x00001dbe      0x323 ./drivers/fsl_uart.o
 .debug_abbrev  0x000020e1      0x185 ./board/board.o
 .debug_abbrev  0x00002266      0x220 ./board/clock_config.o
 .debug_abbrev  0x00002486       0x31 ./board/peripherals.o
 .debug_abbrev  0x000024b7      0x1bb ./board/pin_mux.o
 .debug_abbrev  0x00002672      0x156 ./CMSIS/system_MKL25Z4.o

.debug_aranges  0x00000000      0x9c8
 .debug_aranges
                0x00000000       0x90 ./utilities/fsl_debug_console.o
 .debug_aranges
                0x00000090      0x160 ./startup/startup_mkl25z4.o
 .debug_aranges
                0x000001f0       0x38 ./source/adc.o
 .debug_aranges
                0x00000228       0x20 ./source/autocorrelate.o
 .debug_aranges
                0x00000248       0x28 ./source/dac.o
 .debug_aranges
                0x00000270       0x40 ./source/dma.o
 .debug_aranges
                0x000002b0       0x20 ./source/main.o
 .debug_aranges
                0x000002d0       0x18 ./source/mtb.o
 .debug_aranges
                0x000002e8       0x20 ./source/semihost_hardfault.o
 .debug_aranges
                0x00000308       0x28 ./source/sinx.o
 .debug_aranges
                0x00000330       0x20 ./source/test_sinx.o
 .debug_aranges
                0x00000350       0x28 ./source/tone.o
 .debug_aranges
                0x00000378       0x28 ./source/tpm.o
 .debug_aranges
                0x000003a0      0x1d8 ./drivers/fsl_clock.o
 .debug_aranges
                0x00000578       0x38 ./drivers/fsl_common.o
 .debug_aranges
                0x000005b0       0xd0 ./drivers/fsl_dma.o
 .debug_aranges
                0x00000680      0x118 ./drivers/fsl_lpsci.o
 .debug_aranges
                0x00000798      0x130 ./drivers/fsl_uart.o
 .debug_aranges
                0x000008c8       0x28 ./board/board.o
 .debug_aranges
                0x000008f0       0x58 ./board/clock_config.o
 .debug_aranges
                0x00000948       0x20 ./board/peripherals.o
 .debug_aranges
                0x00000968       0x38 ./board/pin_mux.o
 .debug_aranges
                0x000009a0       0x28 ./CMSIS/system_MKL25Z4.o

.debug_ranges   0x00000000      0x850
 .debug_ranges  0x00000000       0x80 ./utilities/fsl_debug_console.o
 .debug_ranges  0x00000080      0x150 ./startup/startup_mkl25z4.o
 .debug_ranges  0x000001d0       0x28 ./source/adc.o
 .debug_ranges  0x000001f8       0x10 ./source/autocorrelate.o
 .debug_ranges  0x00000208       0x18 ./source/dac.o
 .debug_ranges  0x00000220       0x30 ./source/dma.o
 .debug_ranges  0x00000250       0x10 ./source/main.o
 .debug_ranges  0x00000260       0x10 ./source/semihost_hardfault.o
 .debug_ranges  0x00000270       0x18 ./source/sinx.o
 .debug_ranges  0x00000288       0x10 ./source/test_sinx.o
 .debug_ranges  0x00000298       0x18 ./source/tone.o
 .debug_ranges  0x000002b0       0x18 ./source/tpm.o
 .debug_ranges  0x000002c8      0x1c8 ./drivers/fsl_clock.o
 .debug_ranges  0x00000490       0x28 ./drivers/fsl_common.o
 .debug_ranges  0x000004b8       0xc0 ./drivers/fsl_dma.o
 .debug_ranges  0x00000578      0x108 ./drivers/fsl_lpsci.o
 .debug_ranges  0x00000680      0x120 ./drivers/fsl_uart.o
 .debug_ranges  0x000007a0       0x18 ./board/board.o
 .debug_ranges  0x000007b8       0x48 ./board/clock_config.o
 .debug_ranges  0x00000800       0x10 ./board/peripherals.o
 .debug_ranges  0x00000810       0x28 ./board/pin_mux.o
 .debug_ranges  0x00000838       0x18 ./CMSIS/system_MKL25Z4.o

.debug_macro    0x00000000     0x9604
 .debug_macro   0x00000000      0x127 ./utilities/fsl_debug_console.o
 .debug_macro   0x00000127      0xaa2 ./utilities/fsl_debug_console.o
 .debug_macro   0x00000bc9       0x10 ./utilities/fsl_debug_console.o
 .debug_macro   0x00000bd9       0x16 ./utilities/fsl_debug_console.o
 .debug_macro   0x00000bef       0x10 ./utilities/fsl_debug_console.o
 .debug_macro   0x00000bff      0x12e ./utilities/fsl_debug_console.o
 .debug_macro   0x00000d2d       0x28 ./utilities/fsl_debug_console.o
 .debug_macro   0x00000d55       0xc4 ./utilities/fsl_debug_console.o
 .debug_macro   0x00000e19       0x16 ./utilities/fsl_debug_console.o
 .debug_macro   0x00000e2f       0x22 ./utilities/fsl_debug_console.o
 .debug_macro   0x00000e51      0x5b3 ./utilities/fsl_debug_console.o
 .debug_macro   0x00001404       0x10 ./utilities/fsl_debug_console.o
 .debug_macro   0x00001414       0x3f ./utilities/fsl_debug_console.o
 .debug_macro   0x00001453       0x3a ./utilities/fsl_debug_console.o
 .debug_macro   0x0000148d       0x26 ./utilities/fsl_debug_console.o
 .debug_macro   0x000014b3      0x329 ./utilities/fsl_debug_console.o
 .debug_macro   0x000017dc       0x30 ./utilities/fsl_debug_console.o
 .debug_macro   0x0000180c     0x51e2 ./utilities/fsl_debug_console.o
 .debug_macro   0x000069ee     0x1352 ./utilities/fsl_debug_console.o
 .debug_macro   0x00007d40       0x3a ./utilities/fsl_debug_console.o
 .debug_macro   0x00007d7a       0xf4 ./utilities/fsl_debug_console.o
 .debug_macro   0x00007e6e       0x35 ./utilities/fsl_debug_console.o
 .debug_macro   0x00007ea3       0x2e ./utilities/fsl_debug_console.o
 .debug_macro   0x00007ed1       0x10 ./utilities/fsl_debug_console.o
 .debug_macro   0x00007ee1       0x10 ./utilities/fsl_debug_console.o
 .debug_macro   0x00007ef1       0x29 ./startup/startup_mkl25z4.o
 .debug_macro   0x00007f1a      0x124 ./source/adc.o
 .debug_macro   0x0000803e       0x34 ./source/adc.o
 .debug_macro   0x00008072       0xd8 ./source/adc.o
 .debug_macro   0x0000814a       0x1c ./source/adc.o
 .debug_macro   0x00008166       0x1c ./source/adc.o
 .debug_macro   0x00008182       0x58 ./source/autocorrelate.o
 .debug_macro   0x000081da       0xb8 ./source/dac.o
 .debug_macro   0x00008292       0x16 ./source/dac.o
 .debug_macro   0x000082a8      0x134 ./source/dma.o
 .debug_macro   0x000083dc       0x1c ./source/dma.o
 .debug_macro   0x000083f8       0xd2 ./source/dma.o
 .debug_macro   0x000084ca       0x10 ./source/dma.o
 .debug_macro   0x000084da      0x18d ./source/main.o
 .debug_macro   0x00008667       0x16 ./source/main.o
 .debug_macro   0x0000867d       0x10 ./source/main.o
 .debug_macro   0x0000868d      0x112 ./source/main.o
 .debug_macro   0x0000879f       0x34 ./source/main.o
 .debug_macro   0x000087d3       0x22 ./source/main.o
 .debug_macro   0x000087f5       0x2f ./source/mtb.o
 .debug_macro   0x00008824       0x82 ./source/mtb.o
 .debug_macro   0x000088a6       0x10 ./source/mtb.o
 .debug_macro   0x000088b6       0x11 ./source/semihost_hardfault.o
 .debug_macro   0x000088c7       0xb9 ./source/sinx.o
 .debug_macro   0x00008980      0x124 ./source/test_sinx.o
 .debug_macro   0x00008aa4      0x147 ./source/tone.o
 .debug_macro   0x00008beb       0xb9 ./source/tpm.o
 .debug_macro   0x00008ca4       0x16 ./source/tpm.o
 .debug_macro   0x00008cba      0x196 ./drivers/fsl_clock.o
 .debug_macro   0x00008e50       0xef ./drivers/fsl_common.o
 .debug_macro   0x00008f3f       0xec ./drivers/fsl_dma.o
 .debug_macro   0x0000902b       0xec ./drivers/fsl_lpsci.o
 .debug_macro   0x00009117       0xf2 ./drivers/fsl_uart.o
 .debug_macro   0x00009209      0x112 ./board/board.o
 .debug_macro   0x0000931b      0x123 ./board/clock_config.o
 .debug_macro   0x0000943e       0x1b ./board/peripherals.o
 .debug_macro   0x00009459      0x107 ./board/pin_mux.o
 .debug_macro   0x00009560       0x10 ./board/pin_mux.o
 .debug_macro   0x00009570       0x94 ./CMSIS/system_MKL25Z4.o

.debug_line     0x00000000     0x7b1d
 .debug_line    0x00000000      0xca6 ./utilities/fsl_debug_console.o
 .debug_line    0x00000ca6      0x1e7 ./startup/startup_mkl25z4.o
 .debug_line    0x00000e8d      0x58d ./source/adc.o
 .debug_line    0x0000141a      0x2b5 ./source/autocorrelate.o
 .debug_line    0x000016cf      0x2aa ./source/dac.o
 .debug_line    0x00001979      0x514 ./source/dma.o
 .debug_line    0x00001e8d      0x4a8 ./source/main.o
 .debug_line    0x00002335       0xd1 ./source/mtb.o
 .debug_line    0x00002406       0x59 ./source/semihost_hardfault.o
 .debug_line    0x0000245f      0x2db ./source/sinx.o
 .debug_line    0x0000273a      0x3f5 ./source/test_sinx.o
 .debug_line    0x00002b2f      0x47c ./source/tone.o
 .debug_line    0x00002fab      0x2a0 ./source/tpm.o
 .debug_line    0x0000324b     0x1309 ./drivers/fsl_clock.o
 .debug_line    0x00004554      0x45f ./drivers/fsl_common.o
 .debug_line    0x000049b3      0x768 ./drivers/fsl_dma.o
 .debug_line    0x0000511b      0xd82 ./drivers/fsl_lpsci.o
 .debug_line    0x00005e9d      0xd71 ./drivers/fsl_uart.o
 .debug_line    0x00006c0e      0x3d3 ./board/board.o
 .debug_line    0x00006fe1      0x413 ./board/clock_config.o
 .debug_line    0x000073f4       0x5c ./board/peripherals.o
 .debug_line    0x00007450      0x39a ./board/pin_mux.o
 .debug_line    0x000077ea      0x333 ./CMSIS/system_MKL25Z4.o

.debug_str      0x00000000    0x36b25
 .debug_str     0x00000000    0x314e6 ./utilities/fsl_debug_console.o
                              0x31796 (size before relaxing)
 .debug_str     0x000314e6      0x3e1 ./startup/startup_mkl25z4.o
                               0x31e9 (size before relaxing)
 .debug_str     0x000318c7      0x5dc ./source/adc.o
                              0x30be4 (size before relaxing)
 .debug_str     0x00031ea3       0x79 ./source/autocorrelate.o
                               0x468f (size before relaxing)
 .debug_str     0x00031f1c       0xb5 ./source/dac.o
                              0x292af (size before relaxing)
 .debug_str     0x00031fd1      0x2c3 ./source/dma.o
                              0x31272 (size before relaxing)
 .debug_str     0x00032294      0xda2 ./source/main.o
                              0x31cc2 (size before relaxing)
 .debug_str     0x00033036      0x532 ./source/mtb.o
                               0x32f5 (size before relaxing)
 .debug_str     0x00033568       0x1f ./source/semihost_hardfault.o
                               0x2de2 (size before relaxing)
 .debug_str     0x00033587       0x81 ./source/sinx.o
                              0x29224 (size before relaxing)
 .debug_str     0x00033608       0x3f ./source/test_sinx.o
                              0x30ec7 (size before relaxing)
 .debug_str     0x00033647       0x46 ./source/tone.o
                              0x30f41 (size before relaxing)
 .debug_str     0x0003368d       0x2b ./source/tpm.o
                              0x29281 (size before relaxing)
 .debug_str     0x000336b8     0x14d2 ./drivers/fsl_clock.o
                              0x322f0 (size before relaxing)
 .debug_str     0x00034b8a      0x113 ./drivers/fsl_common.o
                              0x308d7 (size before relaxing)
 .debug_str     0x00034c9d      0x763 ./drivers/fsl_dma.o
                              0x315be (size before relaxing)
 .debug_str     0x00035400      0x946 ./drivers/fsl_lpsci.o
                              0x318f8 (size before relaxing)
 .debug_str     0x00035d46      0x832 ./drivers/fsl_uart.o
                              0x3191b (size before relaxing)
 .debug_str     0x00036578       0x4c ./board/board.o
                              0x31435 (size before relaxing)
 .debug_str     0x000365c4      0x300 ./board/clock_config.o
                              0x3121e (size before relaxing)
 .debug_str     0x000368c4       0x31 ./board/peripherals.o
                               0x2df3 (size before relaxing)
 .debug_str     0x000368f5      0x1e1 ./board/pin_mux.o
                              0x30981 (size before relaxing)
 .debug_str     0x00036ad6       0x4f ./CMSIS/system_MKL25Z4.o
                              0x2fc5a (size before relaxing)

.comment        0x00000000       0x79
 .comment       0x00000000       0x79 ./utilities/fsl_debug_console.o
                                 0x7a (size before relaxing)
 .comment       0x00000079       0x7a ./startup/startup_mkl25z4.o
 .comment       0x00000079       0x7a ./source/adc.o
 .comment       0x00000079       0x7a ./source/autocorrelate.o
 .comment       0x00000079       0x7a ./source/dac.o
 .comment       0x00000079       0x7a ./source/dma.o
 .comment       0x00000079       0x7a ./source/main.o
 .comment       0x00000079       0x7a ./source/mtb.o
 .comment       0x00000079       0x7a ./source/semihost_hardfault.o
 .comment       0x00000079       0x7a ./source/sinx.o
 .comment       0x00000079       0x7a ./source/test_sinx.o
 .comment       0x00000079       0x7a ./source/tone.o
 .comment       0x00000079       0x7a ./source/tpm.o
 .comment       0x00000079       0x7a ./drivers/fsl_clock.o
 .comment       0x00000079       0x7a ./drivers/fsl_common.o
 .comment       0x00000079       0x7a ./drivers/fsl_dma.o
 .comment       0x00000079       0x7a ./drivers/fsl_lpsci.o
 .comment       0x00000079       0x7a ./drivers/fsl_uart.o
 .comment       0x00000079       0x7a ./board/board.o
 .comment       0x00000079       0x7a ./board/clock_config.o
 .comment       0x00000079       0x7a ./board/peripherals.o
 .comment       0x00000079       0x7a ./board/pin_mux.o
 .comment       0x00000079       0x7a ./CMSIS/system_MKL25Z4.o
 .comment       0x00000079       0x7a c:/nxp/mcuxpressoide_11.2.0_4120/ide/plugins/com.nxp.mcuxpresso.tools.win32_11.2.0.202001021529/tools/bin/../lib/gcc/arm-none-eabi/9.2.1/../../../../arm-none-eabi/lib/thumb/v6-m/nofp\libcr_nohost_nf.a(_cr__main.o)
 .comment       0x00000079       0x7a c:/nxp/mcuxpressoide_11.2.0_4120/ide/plugins/com.nxp.mcuxpresso.tools.win32_11.2.0.202001021529/tools/bin/../lib/gcc/arm-none-eabi/9.2.1/../../../../arm-none-eabi/lib/thumb/v6-m/nofp\libcr_c.a(memcpy.o)
 .comment       0x00000079       0x7a c:/nxp/mcuxpressoide_11.2.0_4120/ide/plugins/com.nxp.mcuxpresso.tools.win32_11.2.0.202001021529/tools/bin/../lib/gcc/arm-none-eabi/9.2.1/../../../../arm-none-eabi/lib/thumb/v6-m/nofp\libcr_c.a(memset.o)
 .comment       0x00000079       0x7a c:/nxp/mcuxpressoide_11.2.0_4120/ide/plugins/com.nxp.mcuxpresso.tools.win32_11.2.0.202001021529/tools/bin/../lib/gcc/arm-none-eabi/9.2.1/../../../../arm-none-eabi/lib/thumb/v6-m/nofp\libcr_c.a(initio.o)
 .comment       0x00000079       0x7a c:/nxp/mcuxpressoide_11.2.0_4120/ide/plugins/com.nxp.mcuxpresso.tools.win32_11.2.0.202001021529/tools/bin/../lib/gcc/arm-none-eabi/9.2.1/../../../../arm-none-eabi/lib/thumb/v6-m/nofp\libcr_c.a(setvbuf.o)
 .comment       0x00000079       0x7a c:/nxp/mcuxpressoide_11.2.0_4120/ide/plugins/com.nxp.mcuxpresso.tools.win32_11.2.0.202001021529/tools/bin/../lib/gcc/arm-none-eabi/9.2.1/../../../../arm-none-eabi/lib/thumb/v6-m/nofp\libcr_c.a(sin.o)
 .comment       0x00000079       0x7a c:/nxp/mcuxpressoide_11.2.0_4120/ide/plugins/com.nxp.mcuxpresso.tools.win32_11.2.0.202001021529/tools/bin/../lib/gcc/arm-none-eabi/9.2.1/../../../../arm-none-eabi/lib/thumb/v6-m/nofp\libcr_c.a(strlen.o)
 .comment       0x00000079       0x7a c:/nxp/mcuxpressoide_11.2.0_4120/ide/plugins/com.nxp.mcuxpresso.tools.win32_11.2.0.202001021529/tools/bin/../lib/gcc/arm-none-eabi/9.2.1/../../../../arm-none-eabi/lib/thumb/v6-m/nofp\libcr_c.a(_fdopen.o)
 .comment       0x00000079       0x7a c:/nxp/mcuxpressoide_11.2.0_4120/ide/plugins/com.nxp.mcuxpresso.tools.win32_11.2.0.202001021529/tools/bin/../lib/gcc/arm-none-eabi/9.2.1/../../../../arm-none-eabi/lib/thumb/v6-m/nofp\libcr_c.a(_sincos.o)
 .comment       0x00000079       0x7a c:/nxp/mcuxpressoide_11.2.0_4120/ide/plugins/com.nxp.mcuxpresso.tools.win32_11.2.0.202001021529/tools/bin/../lib/gcc/arm-none-eabi/9.2.1/../../../../arm-none-eabi/lib/thumb/v6-m/nofp\libcr_c.a(errno.o)
 .comment       0x00000079       0x7a c:/nxp/mcuxpressoide_11.2.0_4120/ide/plugins/com.nxp.mcuxpresso.tools.win32_11.2.0.202001021529/tools/bin/../lib/gcc/arm-none-eabi/9.2.1/../../../../arm-none-eabi/lib/thumb/v6-m/nofp\libcr_c.a(fabs.o)
 .comment       0x00000079       0x7a c:/nxp/mcuxpressoide_11.2.0_4120/ide/plugins/com.nxp.mcuxpresso.tools.win32_11.2.0.202001021529/tools/bin/../lib/gcc/arm-none-eabi/9.2.1/../../../../arm-none-eabi/lib/thumb/v6-m/nofp\libcr_c.a(fclose.o)
 .comment       0x00000079       0x7a c:/nxp/mcuxpressoide_11.2.0_4120/ide/plugins/com.nxp.mcuxpresso.tools.win32_11.2.0.202001021529/tools/bin/../lib/gcc/arm-none-eabi/9.2.1/../../../../arm-none-eabi/lib/thumb/v6-m/nofp\libcr_c.a(fflush.o)
 .comment       0x00000079       0x7a c:/nxp/mcuxpressoide_11.2.0_4120/ide/plugins/com.nxp.mcuxpresso.tools.win32_11.2.0.202001021529/tools/bin/../lib/gcc/arm-none-eabi/9.2.1/../../../../arm-none-eabi/lib/thumb/v6-m/nofp\libcr_c.a(fseek.o)
 .comment       0x00000079       0x7a c:/nxp/mcuxpressoide_11.2.0_4120/ide/plugins/com.nxp.mcuxpresso.tools.win32_11.2.0.202001021529/tools/bin/../lib/gcc/arm-none-eabi/9.2.1/../../../../arm-none-eabi/lib/thumb/v6-m/nofp\libcr_c.a(ftell.o)
 .comment       0x00000079       0x7a c:/nxp/mcuxpressoide_11.2.0_4120/ide/plugins/com.nxp.mcuxpresso.tools.win32_11.2.0.202001021529/tools/bin/../lib/gcc/arm-none-eabi/9.2.1/../../../../arm-none-eabi/lib/thumb/v6-m/nofp\libcr_c.a(remove.o)
 .comment       0x00000079       0x7a c:/nxp/mcuxpressoide_11.2.0_4120/ide/plugins/com.nxp.mcuxpresso.tools.win32_11.2.0.202001021529/tools/bin/../lib/gcc/arm-none-eabi/9.2.1/../../../../arm-none-eabi/lib/thumb/v6-m/nofp\libcr_c.a(_do_fflush.o)
 .comment       0x00000079       0x7a c:/nxp/mcuxpressoide_11.2.0_4120/ide/plugins/com.nxp.mcuxpresso.tools.win32_11.2.0.202001021529/tools/bin/../lib/gcc/arm-none-eabi/9.2.1/../../../../arm-none-eabi/lib/thumb/v6-m/nofp\libcr_c.a(_fflush.o)
 .comment       0x00000079       0x7a c:/nxp/mcuxpressoide_11.2.0_4120/ide/plugins/com.nxp.mcuxpresso.tools.win32_11.2.0.202001021529/tools/bin/../lib/gcc/arm-none-eabi/9.2.1/../../../../arm-none-eabi/lib/thumb/v6-m/nofp\libcr_c.a(_writebuf.o)
 .comment       0x00000079       0x7a c:/nxp/mcuxpressoide_11.2.0_4120/ide/plugins/com.nxp.mcuxpresso.tools.win32_11.2.0.202001021529/tools/bin/../lib/gcc/arm-none-eabi/9.2.1/../../../../arm-none-eabi/lib/thumb/v6-m/nofp\libcr_c.a(alloc.o)
 .comment       0x00000079       0x7a c:/nxp/mcuxpressoide_11.2.0_4120/ide/plugins/com.nxp.mcuxpresso.tools.win32_11.2.0.202001021529/tools/bin/../lib/gcc/arm-none-eabi/9.2.1/../../../../arm-none-eabi/lib/thumb/v6-m/nofp\libcr_c.a(_deferredlazyseek.o)
 .comment       0x00000079       0x7a c:/nxp/mcuxpressoide_11.2.0_4120/ide/plugins/com.nxp.mcuxpresso.tools.win32_11.2.0.202001021529/tools/bin/../lib/gcc/arm-none-eabi/9.2.1/thumb/v6-m/nofp\libcr_eabihelpers.a(double.o)
 .comment       0x00000079       0x7a c:/nxp/mcuxpressoide_11.2.0_4120/ide/plugins/com.nxp.mcuxpresso.tools.win32_11.2.0.202001021529/tools/bin/../lib/gcc/arm-none-eabi/9.2.1/../../../../arm-none-eabi/lib/thumb/v6-m/nofp\libcr_nohost_nf.a(__ciob.o)
 .comment       0x00000079       0x7a c:/nxp/mcuxpressoide_11.2.0_4120/ide/plugins/com.nxp.mcuxpresso.tools.win32_11.2.0.202001021529/tools/bin/../lib/gcc/arm-none-eabi/9.2.1/../../../../arm-none-eabi/lib/thumb/v6-m/nofp\libcr_nohost_nf.a(__sys_close.o)
 .comment       0x00000079       0x7a c:/nxp/mcuxpressoide_11.2.0_4120/ide/plugins/com.nxp.mcuxpresso.tools.win32_11.2.0.202001021529/tools/bin/../lib/gcc/arm-none-eabi/9.2.1/../../../../arm-none-eabi/lib/thumb/v6-m/nofp\libcr_nohost_nf.a(__sys_flen.o)
 .comment       0x00000079       0x7a c:/nxp/mcuxpressoide_11.2.0_4120/ide/plugins/com.nxp.mcuxpresso.tools.win32_11.2.0.202001021529/tools/bin/../lib/gcc/arm-none-eabi/9.2.1/../../../../arm-none-eabi/lib/thumb/v6-m/nofp\libcr_nohost_nf.a(__sys_istty.o)
 .comment       0x00000079       0x7a c:/nxp/mcuxpressoide_11.2.0_4120/ide/plugins/com.nxp.mcuxpresso.tools.win32_11.2.0.202001021529/tools/bin/../lib/gcc/arm-none-eabi/9.2.1/../../../../arm-none-eabi/lib/thumb/v6-m/nofp\libcr_nohost_nf.a(__sys_remove.o)
 .comment       0x00000079       0x7a c:/nxp/mcuxpressoide_11.2.0_4120/ide/plugins/com.nxp.mcuxpresso.tools.win32_11.2.0.202001021529/tools/bin/../lib/gcc/arm-none-eabi/9.2.1/../../../../arm-none-eabi/lib/thumb/v6-m/nofp\libcr_nohost_nf.a(__sys_seek.o)
 .comment       0x00000079       0x7a c:/nxp/mcuxpressoide_11.2.0_4120/ide/plugins/com.nxp.mcuxpresso.tools.win32_11.2.0.202001021529/tools/bin/../lib/gcc/arm-none-eabi/9.2.1/../../../../arm-none-eabi/lib/thumb/v6-m/nofp\libcr_nohost_nf.a(__sys_tmpnam.o)
 .comment       0x00000079       0x7a c:/nxp/mcuxpressoide_11.2.0_4120/ide/plugins/com.nxp.mcuxpresso.tools.win32_11.2.0.202001021529/tools/bin/../lib/gcc/arm-none-eabi/9.2.1/../../../../arm-none-eabi/lib/thumb/v6-m/nofp\libcr_nohost_nf.a(__sys_write.o)

.ARM.attributes
                0x00000000       0x2a
 .ARM.attributes
                0x00000000       0x2c ./utilities/fsl_debug_console.o
 .ARM.attributes
                0x0000002c       0x2c ./startup/startup_mkl25z4.o
 .ARM.attributes
                0x00000058       0x2c ./source/adc.o
 .ARM.attributes
                0x00000084       0x2c ./source/autocorrelate.o
 .ARM.attributes
                0x000000b0       0x2c ./source/dac.o
 .ARM.attributes
                0x000000dc       0x2c ./source/dma.o
 .ARM.attributes
                0x00000108       0x2c ./source/main.o
 .ARM.attributes
                0x00000134       0x32 ./source/mtb.o
 .ARM.attributes
                0x00000166       0x2c ./source/semihost_hardfault.o
 .ARM.attributes
                0x00000192       0x2c ./source/sinx.o
 .ARM.attributes
                0x000001be       0x2c ./source/test_sinx.o
 .ARM.attributes
                0x000001ea       0x2c ./source/tone.o
 .ARM.attributes
                0x00000216       0x2c ./source/tpm.o
 .ARM.attributes
                0x00000242       0x2c ./drivers/fsl_clock.o
 .ARM.attributes
                0x0000026e       0x2c ./drivers/fsl_common.o
 .ARM.attributes
                0x0000029a       0x2c ./drivers/fsl_dma.o
 .ARM.attributes
                0x000002c6       0x2c ./drivers/fsl_lpsci.o
 .ARM.attributes
                0x000002f2       0x2c ./drivers/fsl_uart.o
 .ARM.attributes
                0x0000031e       0x2c ./board/board.o
 .ARM.attributes
                0x0000034a       0x2c ./board/clock_config.o
 .ARM.attributes
                0x00000376       0x2c ./board/peripherals.o
 .ARM.attributes
                0x000003a2       0x2c ./board/pin_mux.o
 .ARM.attributes
                0x000003ce       0x2c ./CMSIS/system_MKL25Z4.o
 .ARM.attributes
                0x000003fa       0x2c c:/nxp/mcuxpressoide_11.2.0_4120/ide/plugins/com.nxp.mcuxpresso.tools.win32_11.2.0.202001021529/tools/bin/../lib/gcc/arm-none-eabi/9.2.1/../../../../arm-none-eabi/lib/thumb/v6-m/nofp\libcr_nohost_nf.a(_cr__main.o)
 .ARM.attributes
                0x00000426       0x2c c:/nxp/mcuxpressoide_11.2.0_4120/ide/plugins/com.nxp.mcuxpresso.tools.win32_11.2.0.202001021529/tools/bin/../lib/gcc/arm-none-eabi/9.2.1/../../../../arm-none-eabi/lib/thumb/v6-m/nofp\libcr_c.a(memcpy.o)
 .ARM.attributes
                0x00000452       0x2c c:/nxp/mcuxpressoide_11.2.0_4120/ide/plugins/com.nxp.mcuxpresso.tools.win32_11.2.0.202001021529/tools/bin/../lib/gcc/arm-none-eabi/9.2.1/../../../../arm-none-eabi/lib/thumb/v6-m/nofp\libcr_c.a(memset.o)
 .ARM.attributes
                0x0000047e       0x2c c:/nxp/mcuxpressoide_11.2.0_4120/ide/plugins/com.nxp.mcuxpresso.tools.win32_11.2.0.202001021529/tools/bin/../lib/gcc/arm-none-eabi/9.2.1/../../../../arm-none-eabi/lib/thumb/v6-m/nofp\libcr_c.a(initio.o)
 .ARM.attributes
                0x000004aa       0x2c c:/nxp/mcuxpressoide_11.2.0_4120/ide/plugins/com.nxp.mcuxpresso.tools.win32_11.2.0.202001021529/tools/bin/../lib/gcc/arm-none-eabi/9.2.1/../../../../arm-none-eabi/lib/thumb/v6-m/nofp\libcr_c.a(setvbuf.o)
 .ARM.attributes
                0x000004d6       0x2c c:/nxp/mcuxpressoide_11.2.0_4120/ide/plugins/com.nxp.mcuxpresso.tools.win32_11.2.0.202001021529/tools/bin/../lib/gcc/arm-none-eabi/9.2.1/../../../../arm-none-eabi/lib/thumb/v6-m/nofp\libcr_c.a(sin.o)
 .ARM.attributes
                0x00000502       0x2c c:/nxp/mcuxpressoide_11.2.0_4120/ide/plugins/com.nxp.mcuxpresso.tools.win32_11.2.0.202001021529/tools/bin/../lib/gcc/arm-none-eabi/9.2.1/../../../../arm-none-eabi/lib/thumb/v6-m/nofp\libcr_c.a(strlen.o)
 .ARM.attributes
                0x0000052e       0x2c c:/nxp/mcuxpressoide_11.2.0_4120/ide/plugins/com.nxp.mcuxpresso.tools.win32_11.2.0.202001021529/tools/bin/../lib/gcc/arm-none-eabi/9.2.1/../../../../arm-none-eabi/lib/thumb/v6-m/nofp\libcr_c.a(_fdopen.o)
 .ARM.attributes
                0x0000055a       0x2c c:/nxp/mcuxpressoide_11.2.0_4120/ide/plugins/com.nxp.mcuxpresso.tools.win32_11.2.0.202001021529/tools/bin/../lib/gcc/arm-none-eabi/9.2.1/../../../../arm-none-eabi/lib/thumb/v6-m/nofp\libcr_c.a(_sincos.o)
 .ARM.attributes
                0x00000586       0x31 c:/nxp/mcuxpressoide_11.2.0_4120/ide/plugins/com.nxp.mcuxpresso.tools.win32_11.2.0.202001021529/tools/bin/../lib/gcc/arm-none-eabi/9.2.1/../../../../arm-none-eabi/lib/thumb/v6-m/nofp\libcr_c.a(errno.o)
 .ARM.attributes
                0x000005b7       0x2c c:/nxp/mcuxpressoide_11.2.0_4120/ide/plugins/com.nxp.mcuxpresso.tools.win32_11.2.0.202001021529/tools/bin/../lib/gcc/arm-none-eabi/9.2.1/../../../../arm-none-eabi/lib/thumb/v6-m/nofp\libcr_c.a(fabs.o)
 .ARM.attributes
                0x000005e3       0x2c c:/nxp/mcuxpressoide_11.2.0_4120/ide/plugins/com.nxp.mcuxpresso.tools.win32_11.2.0.202001021529/tools/bin/../lib/gcc/arm-none-eabi/9.2.1/../../../../arm-none-eabi/lib/thumb/v6-m/nofp\libcr_c.a(fclose.o)
 .ARM.attributes
                0x0000060f       0x2c c:/nxp/mcuxpressoide_11.2.0_4120/ide/plugins/com.nxp.mcuxpresso.tools.win32_11.2.0.202001021529/tools/bin/../lib/gcc/arm-none-eabi/9.2.1/../../../../arm-none-eabi/lib/thumb/v6-m/nofp\libcr_c.a(fflush.o)
 .ARM.attributes
                0x0000063b       0x2c c:/nxp/mcuxpressoide_11.2.0_4120/ide/plugins/com.nxp.mcuxpresso.tools.win32_11.2.0.202001021529/tools/bin/../lib/gcc/arm-none-eabi/9.2.1/../../../../arm-none-eabi/lib/thumb/v6-m/nofp\libcr_c.a(fseek.o)
 .ARM.attributes
                0x00000667       0x2c c:/nxp/mcuxpressoide_11.2.0_4120/ide/plugins/com.nxp.mcuxpresso.tools.win32_11.2.0.202001021529/tools/bin/../lib/gcc/arm-none-eabi/9.2.1/../../../../arm-none-eabi/lib/thumb/v6-m/nofp\libcr_c.a(ftell.o)
 .ARM.attributes
                0x00000693       0x2c c:/nxp/mcuxpressoide_11.2.0_4120/ide/plugins/com.nxp.mcuxpresso.tools.win32_11.2.0.202001021529/tools/bin/../lib/gcc/arm-none-eabi/9.2.1/../../../../arm-none-eabi/lib/thumb/v6-m/nofp\libcr_c.a(remove.o)
 .ARM.attributes
                0x000006bf       0x2c c:/nxp/mcuxpressoide_11.2.0_4120/ide/plugins/com.nxp.mcuxpresso.tools.win32_11.2.0.202001021529/tools/bin/../lib/gcc/arm-none-eabi/9.2.1/../../../../arm-none-eabi/lib/thumb/v6-m/nofp\libcr_c.a(_do_fflush.o)
 .ARM.attributes
                0x000006eb       0x2c c:/nxp/mcuxpressoide_11.2.0_4120/ide/plugins/com.nxp.mcuxpresso.tools.win32_11.2.0.202001021529/tools/bin/../lib/gcc/arm-none-eabi/9.2.1/../../../../arm-none-eabi/lib/thumb/v6-m/nofp\libcr_c.a(_fflush.o)
 .ARM.attributes
                0x00000717       0x2c c:/nxp/mcuxpressoide_11.2.0_4120/ide/plugins/com.nxp.mcuxpresso.tools.win32_11.2.0.202001021529/tools/bin/../lib/gcc/arm-none-eabi/9.2.1/../../../../arm-none-eabi/lib/thumb/v6-m/nofp\libcr_c.a(_writebuf.o)
 .ARM.attributes
                0x00000743       0x2c c:/nxp/mcuxpressoide_11.2.0_4120/ide/plugins/com.nxp.mcuxpresso.tools.win32_11.2.0.202001021529/tools/bin/../lib/gcc/arm-none-eabi/9.2.1/../../../../arm-none-eabi/lib/thumb/v6-m/nofp\libcr_c.a(alloc.o)
 .ARM.attributes
                0x0000076f       0x2c c:/nxp/mcuxpressoide_11.2.0_4120/ide/plugins/com.nxp.mcuxpresso.tools.win32_11.2.0.202001021529/tools/bin/../lib/gcc/arm-none-eabi/9.2.1/../../../../arm-none-eabi/lib/thumb/v6-m/nofp\libcr_c.a(_deferredlazyseek.o)
 .ARM.attributes
                0x0000079b       0x1c c:/nxp/mcuxpressoide_11.2.0_4120/ide/plugins/com.nxp.mcuxpresso.tools.win32_11.2.0.202001021529/tools/bin/../lib/gcc/arm-none-eabi/9.2.1/thumb/v6-m/nofp\libcr_eabihelpers.a(division_32.o)
 .ARM.attributes
                0x000007b7       0x1c c:/nxp/mcuxpressoide_11.2.0_4120/ide/plugins/com.nxp.mcuxpresso.tools.win32_11.2.0.202001021529/tools/bin/../lib/gcc/arm-none-eabi/9.2.1/thumb/v6-m/nofp\libcr_eabihelpers.a(division_idiv0.o)
 .ARM.attributes
                0x000007d3       0x2c c:/nxp/mcuxpressoide_11.2.0_4120/ide/plugins/com.nxp.mcuxpresso.tools.win32_11.2.0.202001021529/tools/bin/../lib/gcc/arm-none-eabi/9.2.1/thumb/v6-m/nofp\libcr_eabihelpers.a(double.o)
 .ARM.attributes
                0x000007ff       0x1c c:/nxp/mcuxpressoide_11.2.0_4120/ide/plugins/com.nxp.mcuxpresso.tools.win32_11.2.0.202001021529/tools/bin/../lib/gcc/arm-none-eabi/9.2.1/thumb/v6-m/nofp\libcr_eabihelpers.a(llong.o)
 .ARM.attributes
                0x0000081b       0x1c c:/nxp/mcuxpressoide_11.2.0_4120/ide/plugins/com.nxp.mcuxpresso.tools.win32_11.2.0.202001021529/tools/bin/../lib/gcc/arm-none-eabi/9.2.1/thumb/v6-m/nofp\libcr_eabihelpers.a(memcpy.o)
 .ARM.attributes
                0x00000837       0x31 c:/nxp/mcuxpressoide_11.2.0_4120/ide/plugins/com.nxp.mcuxpresso.tools.win32_11.2.0.202001021529/tools/bin/../lib/gcc/arm-none-eabi/9.2.1/../../../../arm-none-eabi/lib/thumb/v6-m/nofp\libcr_nohost_nf.a(__ciob.o)
 .ARM.attributes
                0x00000868       0x2c c:/nxp/mcuxpressoide_11.2.0_4120/ide/plugins/com.nxp.mcuxpresso.tools.win32_11.2.0.202001021529/tools/bin/../lib/gcc/arm-none-eabi/9.2.1/../../../../arm-none-eabi/lib/thumb/v6-m/nofp\libcr_nohost_nf.a(__sys_close.o)
 .ARM.attributes
                0x00000894       0x2c c:/nxp/mcuxpressoide_11.2.0_4120/ide/plugins/com.nxp.mcuxpresso.tools.win32_11.2.0.202001021529/tools/bin/../lib/gcc/arm-none-eabi/9.2.1/../../../../arm-none-eabi/lib/thumb/v6-m/nofp\libcr_nohost_nf.a(__sys_flen.o)
 .ARM.attributes
                0x000008c0       0x2c c:/nxp/mcuxpressoide_11.2.0_4120/ide/plugins/com.nxp.mcuxpresso.tools.win32_11.2.0.202001021529/tools/bin/../lib/gcc/arm-none-eabi/9.2.1/../../../../arm-none-eabi/lib/thumb/v6-m/nofp\libcr_nohost_nf.a(__sys_istty.o)
 .ARM.attributes
                0x000008ec       0x2c c:/nxp/mcuxpressoide_11.2.0_4120/ide/plugins/com.nxp.mcuxpresso.tools.win32_11.2.0.202001021529/tools/bin/../lib/gcc/arm-none-eabi/9.2.1/../../../../arm-none-eabi/lib/thumb/v6-m/nofp\libcr_nohost_nf.a(__sys_remove.o)
 .ARM.attributes
                0x00000918       0x2c c:/nxp/mcuxpressoide_11.2.0_4120/ide/plugins/com.nxp.mcuxpresso.tools.win32_11.2.0.202001021529/tools/bin/../lib/gcc/arm-none-eabi/9.2.1/../../../../arm-none-eabi/lib/thumb/v6-m/nofp\libcr_nohost_nf.a(__sys_seek.o)
 .ARM.attributes
                0x00000944       0x2c c:/nxp/mcuxpressoide_11.2.0_4120/ide/plugins/com.nxp.mcuxpresso.tools.win32_11.2.0.202001021529/tools/bin/../lib/gcc/arm-none-eabi/9.2.1/../../../../arm-none-eabi/lib/thumb/v6-m/nofp\libcr_nohost_nf.a(__sys_tmpnam.o)
 .ARM.attributes
                0x00000970       0x2c c:/nxp/mcuxpressoide_11.2.0_4120/ide/plugins/com.nxp.mcuxpresso.tools.win32_11.2.0.202001021529/tools/bin/../lib/gcc/arm-none-eabi/9.2.1/../../../../arm-none-eabi/lib/thumb/v6-m/nofp\libcr_nohost_nf.a(__sys_write.o)

.debug_frame    0x00000000     0x1dcc
 .debug_frame   0x00000000      0x1f0 ./utilities/fsl_debug_console.o
 .debug_frame   0x000001f0      0x3b0 ./startup/startup_mkl25z4.o
 .debug_frame   0x000005a0       0x8c ./source/adc.o
 .debug_frame   0x0000062c       0x30 ./source/autocorrelate.o
 .debug_frame   0x0000065c       0x4c ./source/dac.o
 .debug_frame   0x000006a8       0xa8 ./source/dma.o
 .debug_frame   0x00000750       0x2c ./source/main.o
 .debug_frame   0x0000077c       0x20 ./source/semihost_hardfault.o
 .debug_frame   0x0000079c       0x50 ./source/sinx.o
 .debug_frame   0x000007ec       0x30 ./source/test_sinx.o
 .debug_frame   0x0000081c       0x4c ./source/tone.o
 .debug_frame   0x00000868       0x4c ./source/tpm.o
 .debug_frame   0x000008b4      0x6e0 ./drivers/fsl_clock.o
 .debug_frame   0x00000f94       0x90 ./drivers/fsl_common.o
 .debug_frame   0x00001024      0x2e0 ./drivers/fsl_dma.o
 .debug_frame   0x00001304      0x414 ./drivers/fsl_lpsci.o
 .debug_frame   0x00001718      0x464 ./drivers/fsl_uart.o
 .debug_frame   0x00001b7c       0x50 ./board/board.o
 .debug_frame   0x00001bcc      0x100 ./board/clock_config.o
 .debug_frame   0x00001ccc       0x2c ./board/peripherals.o
 .debug_frame   0x00001cf8       0x88 ./board/pin_mux.o
 .debug_frame   0x00001d80       0x4c ./CMSIS/system_MKL25Z4.o

Cross Reference Table

Symbol                                            File
ADC0_DriverIRQHandler                             ./startup/startup_mkl25z4.o
ADC0_IRQHandler                                   ./startup/startup_mkl25z4.o
ADC16_ClearStatusFlags                            ./drivers/fsl_adc16.o
ADC16_Deinit                                      ./drivers/fsl_adc16.o
ADC16_DoAutoCalibration                           ./drivers/fsl_adc16.o
ADC16_GetChannelStatusFlags                       ./drivers/fsl_adc16.o
ADC16_GetDefaultConfig                            ./drivers/fsl_adc16.o
ADC16_GetStatusFlags                              ./drivers/fsl_adc16.o
ADC16_Init                                        ./drivers/fsl_adc16.o
ADC16_SetChannelConfig                            ./drivers/fsl_adc16.o
ADC16_SetChannelMuxMode                           ./drivers/fsl_adc16.o
ADC16_SetHardwareAverage                          ./drivers/fsl_adc16.o
ADC16_SetHardwareCompareConfig                    ./drivers/fsl_adc16.o
ADC_Buffer                                        ./source/adc.o
                                                  ./source/tone.o
                                                  ./source/main.o
ADC_Init                                          ./source/adc.o
                                                  ./source/main.o
BOARD_BootClockRUN                                ./board/clock_config.o
BOARD_BootClockVLPR                               ./board/clock_config.o
BOARD_InitBootClocks                              ./board/clock_config.o
                                                  ./source/main.o
BOARD_InitBootPeripherals                         ./board/peripherals.o
                                                  ./source/main.o
BOARD_InitBootPins                                ./board/pin_mux.o
                                                  ./source/main.o
BOARD_InitDebugConsole                            ./board/board.o
                                                  ./source/main.o
BOARD_InitPins                                    ./board/pin_mux.o
CLOCK_BootToBlpeMode                              ./drivers/fsl_clock.o
CLOCK_BootToBlpiMode                              ./drivers/fsl_clock.o
                                                  ./board/clock_config.o
CLOCK_BootToFeeMode                               ./drivers/fsl_clock.o
CLOCK_BootToFeiMode                               ./drivers/fsl_clock.o
CLOCK_BootToPeeMode                               ./drivers/fsl_clock.o
                                                  ./board/clock_config.o
CLOCK_CalcPllDiv                                  ./drivers/fsl_clock.o
CLOCK_ClearStatusFlags                            ./drivers/fsl_clock.o
CLOCK_DeinitOsc0                                  ./drivers/fsl_clock.o
CLOCK_EnablePll0                                  ./drivers/fsl_clock.o
CLOCK_EnableUsbfs0Clock                           ./drivers/fsl_clock.o
CLOCK_ExternalModeToFbeModeQuick                  ./drivers/fsl_clock.o
CLOCK_FllStableDelay                              ./drivers/fsl_clock.o
CLOCK_GetBusClkFreq                               ./drivers/fsl_clock.o
CLOCK_GetCoreSysClkFreq                           ./drivers/fsl_clock.o
CLOCK_GetEr32kClkFreq                             ./drivers/fsl_clock.o
CLOCK_GetFixedFreqClkFreq                         ./drivers/fsl_clock.o
CLOCK_GetFlashClkFreq                             ./drivers/fsl_clock.o
CLOCK_GetFllFreq                                  ./drivers/fsl_clock.o
CLOCK_GetFreq                                     ./drivers/fsl_clock.o
CLOCK_GetInternalRefClkFreq                       ./drivers/fsl_clock.o
CLOCK_GetMode                                     ./drivers/fsl_clock.o
CLOCK_GetOsc0ErClkFreq                            ./drivers/fsl_clock.o
CLOCK_GetOutClkFreq                               ./drivers/fsl_clock.o
CLOCK_GetPlatClkFreq                              ./drivers/fsl_clock.o
CLOCK_GetPll0Freq                                 ./drivers/fsl_clock.o
CLOCK_GetPllFllSelClkFreq                         ./drivers/fsl_clock.o
                                                  ./board/board.o
CLOCK_GetStatusFlags                              ./drivers/fsl_clock.o
CLOCK_InitOsc0                                    ./drivers/fsl_clock.o
                                                  ./board/clock_config.o
CLOCK_InternalModeToFbiModeQuick                  ./drivers/fsl_clock.o
CLOCK_SetBlpeMode                                 ./drivers/fsl_clock.o
CLOCK_SetBlpiMode                                 ./drivers/fsl_clock.o
CLOCK_SetExternalRefClkConfig                     ./drivers/fsl_clock.o
CLOCK_SetFbeMode                                  ./drivers/fsl_clock.o
CLOCK_SetFbiMode                                  ./drivers/fsl_clock.o
CLOCK_SetFeeMode                                  ./drivers/fsl_clock.o
CLOCK_SetFeiMode                                  ./drivers/fsl_clock.o
CLOCK_SetInternalRefClkConfig                     ./drivers/fsl_clock.o
                                                  ./board/clock_config.o
CLOCK_SetMcgConfig                                ./drivers/fsl_clock.o
CLOCK_SetOsc0MonitorMode                          ./drivers/fsl_clock.o
CLOCK_SetPbeMode                                  ./drivers/fsl_clock.o
CLOCK_SetPeeMode                                  ./drivers/fsl_clock.o
CLOCK_SetPll0MonitorMode                          ./drivers/fsl_clock.o
CLOCK_SetSimConfig                                ./drivers/fsl_clock.o
                                                  ./board/clock_config.o
CLOCK_TrimInternalRefClk                          ./drivers/fsl_clock.o
CMP0_DriverIRQHandler                             ./startup/startup_mkl25z4.o
CMP0_IRQHandler                                   ./startup/startup_mkl25z4.o
CMP_ClearStatusFlags                              ./drivers/fsl_cmp.o
CMP_Deinit                                        ./drivers/fsl_cmp.o
CMP_DisableInterrupts                             ./drivers/fsl_cmp.o
CMP_EnableDMA                                     ./drivers/fsl_cmp.o
CMP_EnableInterrupts                              ./drivers/fsl_cmp.o
CMP_GetDefaultConfig                              ./drivers/fsl_cmp.o
CMP_GetStatusFlags                                ./drivers/fsl_cmp.o
CMP_Init                                          ./drivers/fsl_cmp.o
CMP_SetDACConfig                                  ./drivers/fsl_cmp.o
CMP_SetFilterConfig                               ./drivers/fsl_cmp.o
CMP_SetInputChannels                              ./drivers/fsl_cmp.o
DAC0_DriverIRQHandler                             ./startup/startup_mkl25z4.o
DAC0_IRQHandler                                   ./startup/startup_mkl25z4.o
DAC_ClearBufferStatusFlags                        ./drivers/fsl_dac.o
DAC_Deinit                                        ./drivers/fsl_dac.o
DAC_DisableBufferInterrupts                       ./drivers/fsl_dac.o
DAC_EnableBufferInterrupts                        ./drivers/fsl_dac.o
DAC_GetBufferStatusFlags                          ./drivers/fsl_dac.o
DAC_GetDefaultBufferConfig                        ./drivers/fsl_dac.o
DAC_GetDefaultConfig                              ./drivers/fsl_dac.o
DAC_Init                                          ./drivers/fsl_dac.o
DAC_SetBufferConfig                               ./drivers/fsl_dac.o
DAC_SetBufferReadPointer                          ./drivers/fsl_dac.o
DAC_SetBufferValue                                ./drivers/fsl_dac.o
DAC_begin                                         ./source/dac.o
                                                  ./source/tone.o
                                                  ./source/main.o
DMA0_DriverIRQHandler                             ./drivers/fsl_dma.o
                                                  ./startup/startup_mkl25z4.o
DMA0_IRQHandler                                   ./source/dma.o
                                                  ./startup/startup_mkl25z4.o
DMA1_DriverIRQHandler                             ./drivers/fsl_dma.o
                                                  ./startup/startup_mkl25z4.o
DMA1_IRQHandler                                   ./startup/startup_mkl25z4.o
DMA2_DriverIRQHandler                             ./drivers/fsl_dma.o
                                                  ./startup/startup_mkl25z4.o
DMA2_IRQHandler                                   ./startup/startup_mkl25z4.o
DMA3_DriverIRQHandler                             ./drivers/fsl_dma.o
                                                  ./startup/startup_mkl25z4.o
DMA3_IRQHandler                                   ./startup/startup_mkl25z4.o
DMAMUX_Deinit                                     ./drivers/fsl_dmamux.o
DMAMUX_Init                                       ./drivers/fsl_dmamux.o
DMA_AbortTransfer                                 ./drivers/fsl_dma.o
                                                  ./drivers/fsl_uart_dma.o
                                                  ./drivers/fsl_lpsci_dma.o
DMA_CreateHandle                                  ./drivers/fsl_dma.o
DMA_Deinit                                        ./drivers/fsl_dma.o
DMA_HandleIRQ                                     ./drivers/fsl_dma.o
DMA_Init                                          ./drivers/fsl_dma.o
DMA_PrepareTransfer                               ./drivers/fsl_dma.o
                                                  ./drivers/fsl_uart_dma.o
                                                  ./drivers/fsl_lpsci_dma.o
DMA_ResetChannel                                  ./drivers/fsl_dma.o
DMA_SetCallback                                   ./drivers/fsl_dma.o
                                                  ./drivers/fsl_uart_dma.o
                                                  ./drivers/fsl_lpsci_dma.o
DMA_SetChannelLinkConfig                          ./drivers/fsl_dma.o
DMA_SetModulo                                     ./drivers/fsl_dma.o
DMA_SetTransferConfig                             ./drivers/fsl_dma.o
DMA_SubmitTransfer                                ./drivers/fsl_dma.o
                                                  ./drivers/fsl_uart_dma.o
                                                  ./drivers/fsl_lpsci_dma.o
DbgConsole_Deinit                                 ./utilities/fsl_debug_console.o
DbgConsole_Getchar                                ./utilities/fsl_debug_console.o
DbgConsole_Init                                   ./utilities/fsl_debug_console.o
                                                  ./board/board.o
DbgConsole_Printf                                 ./utilities/fsl_debug_console.o
                                                  ./drivers/fsl_common.o
                                                  ./source/tone.o
                                                  ./source/test_sinx.o
                                                  ./source/main.o
                                                  ./source/adc.o
DbgConsole_Putchar                                ./utilities/fsl_debug_console.o
DbgConsole_Scanf                                  ./utilities/fsl_debug_console.o
FLASH_Erase                                       ./drivers/fsl_flash.o
FLASH_EraseAll                                    ./drivers/fsl_flash.o
FLASH_EraseAllExecuteOnlySegments                 ./drivers/fsl_flash.o
FLASH_GetProperty                                 ./drivers/fsl_flash.o
FLASH_GetSecurityState                            ./drivers/fsl_flash.o
FLASH_Init                                        ./drivers/fsl_flash.o
FLASH_IsExecuteOnly                               ./drivers/fsl_flash.o
FLASH_IsProtected                                 ./drivers/fsl_flash.o
FLASH_PflashGetPrefetchSpeculation                ./drivers/fsl_flash.o
FLASH_PflashGetProtection                         ./drivers/fsl_flash.o
FLASH_PflashSetPrefetchSpeculation                ./drivers/fsl_flash.o
                                                  ./drivers/fsl_smc.o
FLASH_PflashSetProtection                         ./drivers/fsl_flash.o
FLASH_PrepareExecuteInRamFunctions                ./drivers/fsl_flash.o
FLASH_Program                                     ./drivers/fsl_flash.o
FLASH_ProgramOnce                                 ./drivers/fsl_flash.o
FLASH_ReadOnce                                    ./drivers/fsl_flash.o
FLASH_ReadResource                                ./drivers/fsl_flash.o
FLASH_SecurityBypass                              ./drivers/fsl_flash.o
FLASH_SetCallback                                 ./drivers/fsl_flash.o
FLASH_SetProperty                                 ./drivers/fsl_flash.o
FLASH_VerifyErase                                 ./drivers/fsl_flash.o
FLASH_VerifyEraseAll                              ./drivers/fsl_flash.o
FLASH_VerifyEraseAllExecuteOnlySegments           ./drivers/fsl_flash.o
FLASH_VerifyProgram                               ./drivers/fsl_flash.o
FTFA_DriverIRQHandler                             ./startup/startup_mkl25z4.o
FTFA_IRQHandler                                   ./startup/startup_mkl25z4.o
Flash_Config                                      ./startup/startup_mkl25z4.o
GPIO_ClearPinsInterruptFlags                      ./drivers/fsl_gpio.o
GPIO_GetPinsInterruptFlags                        ./drivers/fsl_gpio.o
GPIO_PinInit                                      ./drivers/fsl_gpio.o
HardFault_Handler                                 ./source/semihost_hardfault.o
                                                  ./startup/startup_mkl25z4.o
I2C0_DriverIRQHandler                             ./startup/startup_mkl25z4.o
I2C0_IRQHandler                                   ./startup/startup_mkl25z4.o
I2C1_DriverIRQHandler                             ./startup/startup_mkl25z4.o
I2C1_IRQHandler                                   ./startup/startup_mkl25z4.o
Init_DAC                                          ./source/dac.o
                                                  ./source/main.o
Init_DMA                                          ./source/dma.o
                                                  ./source/main.o
InstallIRQHandler                                 ./drivers/fsl_common.o
IntDefaultHandler                                 ./startup/startup_mkl25z4.o
LLWU_DriverIRQHandler                             ./startup/startup_mkl25z4.o
LLWU_IRQHandler                                   ./startup/startup_mkl25z4.o
LPSCI_ClearStatusFlags                            ./drivers/fsl_lpsci.o
LPSCI_Deinit                                      ./drivers/fsl_lpsci.o
                                                  ./utilities/fsl_debug_console.o
LPSCI_DisableInterrupts                           ./drivers/fsl_lpsci.o
LPSCI_EnableInterrupts                            ./drivers/fsl_lpsci.o
LPSCI_GetDefaultConfig                            ./drivers/fsl_lpsci.o
                                                  ./utilities/fsl_debug_console.o
LPSCI_GetEnabledInterrupts                        ./drivers/fsl_lpsci.o
LPSCI_GetInstance                                 ./drivers/fsl_lpsci.o
                                                  ./drivers/fsl_lpsci_dma.o
LPSCI_GetStatusFlags                              ./drivers/fsl_lpsci.o
LPSCI_Init                                        ./drivers/fsl_lpsci.o
                                                  ./utilities/fsl_debug_console.o
LPSCI_ReadBlocking                                ./drivers/fsl_lpsci.o
                                                  ./utilities/fsl_debug_console.o