fsl_clock.h:584:20:CLOCK_EnableClock	24	static
fsl_clock.h:595:20:CLOCK_DisableClock	24	static
fsl_tsi_v4.h:370:24:TSI_GetStatusFlags	16	static
fsl_tsi_v4.h:416:20:TSI_SetElectrodeOSCPrescaler	16	static
fsl_tsi_v4.h:428:20:TSI_SetNumberOfScans	16	static
fsl_tsi_v4.h:442:20:TSI_EnableModule	16	static
fsl_tsi_v4.h:503:20:TSI_StartSoftwareTrigger	16	static
fsl_tsi_v4.h:515:20:TSI_SetMeasuredChannelNumber	16	static
fsl_tsi_v4.h:584:24:TSI_GetCounter	16	static
fsl_tsi_v4.h:596:20:TSI_SetLowThreshold	16	static
fsl_tsi_v4.h:610:20:TSI_SetHighThreshold	16	static
fsl_tsi_v4.h:624:20:TSI_SetAnalogMode	16	static
fsl_tsi_v4.h:647:20:TSI_SetReferenceChargeCurrent	16	static
fsl_tsi_v4.h:659:20:TSI_SetElectrodeChargeCurrent	16	static
fsl_tsi_v4.h:671:20:TSI_SetOscVoltageRails	16	static
fsl_tsi_v4.h:683:20:TSI_SetElectrodeSeriesResistor	16	static
fsl_tsi_v4.h:695:20:TSI_SetFilterBits	16	static
fsl_tsi_v4.c:32:6:TSI_Init	32	static
fsl_tsi_v4.c:87:6:TSI_Deinit	16	static
fsl_tsi_v4.c:97:6:TSI_GetNormalModeDefaultConfig	16	static
fsl_tsi_v4.c:109:6:TSI_GetLowPowerModeDefaultConfig	16	static
fsl_tsi_v4.c:121:6:TSI_Calibrate	32	static
fsl_tsi_v4.c:149:6:TSI_EnableInterrupts	24	static
fsl_tsi_v4.c:169:6:TSI_DisableInterrupts	24	static
fsl_tsi_v4.c:189:6:TSI_ClearStatusFlags	24	static
